<html>
<body>
<pre>
<h1>µVision Build Log</h1>
<h2>Project:</h2>
D:\MCU\project6\RFID\RFID\LED-PA0\Proj\LED.uvproj
Project File Date:  03/02/2016

<h2>Output:</h2>
Build target 'Target 1'
linking...
Program Size: Code=6172 RO-data=224 RW-data=48 ZI-data=1648  
FromELF: creating hex file...
".\LED.axf" - 0 Errors, 0 Warning(s).
Rebuild target 'Target 1'
compiling main.c...
..\User\main.h(7): error:  #5: cannot open source input file "usart.h": No such file or directory
compiling stm32f0xx_gpio.c...
compiling stm32f0xx_rcc.c...
compiling stm32f0xx_misc.c...
compiling stm32f0xx_exti.c...
compiling stm32f0xx_syscfg.c...
compiling led.c...
compiling delay.c...
compiling FM1702.c...
..\User\main.h(7): error:  #5: cannot open source input file "usart.h": No such file or directory
compiling system_stm32f0xx.c...
assembling startup_stm32f051.s...
".\LED.axf" - 2 Errors, 0 Warning(s).
Target not created
Rebuild target 'Target 1'
compiling main.c...
compiling stm32f0xx_gpio.c...
compiling stm32f0xx_rcc.c...
compiling stm32f0xx_misc.c...
compiling stm32f0xx_exti.c...
compiling stm32f0xx_syscfg.c...
compiling led.c...
compiling delay.c...
compiling FM1702.c...
compiling system_stm32f0xx.c...
assembling startup_stm32f051.s...
linking...
Program Size: Code=6172 RO-data=224 RW-data=48 ZI-data=1648  
FromELF: creating hex file...
".\LED.axf" - 0 Errors, 0 Warning(s).
