<html>
<body>
<pre>
<h1>礦ision Build Log</h1>
<h2>Project:</h2>
G:\嵌入式\卢文江师兄给的资料\project\project\project6\RFID\RFID\LED-PA0\Proj\LED.uvproj
Project File Date:  11/22/2016

<h2>Output:</h2>
Rebuild target 'Target 1'
compiling main.c...
compiling stm32f0xx_gpio.c...
compiling stm32f0xx_rcc.c...
compiling stm32f0xx_misc.c...
compiling stm32f0xx_exti.c...
compiling stm32f0xx_syscfg.c...
compiling led.c...
compiling delay.c...
compiling FM1702.c...
compiling system_stm32f0xx.c...
assembling startup_stm32f051.s...
linking...
Program Size: Code=6172 RO-data=224 RW-data=48 ZI-data=1648  
FromELF: creating hex file...
".\LED.axf" - 0 Error(s), 0 Warning(s).
</pre>
</body>
</html>
