<html>
<body>
<pre>
<h1>µVision Build Log</h1>
<h2>Project:</h2>
E:\MCU\project6\RFID\RFID-usart\Project\Project.uvproj
Project File Date:  03/02/2016

<h2>Output:</h2>
Rebuild target 'STM32F051_I2C'
compiling main.c...
compiling stm32f0xx_it.c...
compiling usart.c...
compiling FM1702.c...
compiling IIC.c...
compiling system_stm32f0xx.c...
assembling startup_stm32f0xx.s...
compiling stm32f0xx_adc.c...
compiling stm32f0xx_cec.c...
compiling stm32f0xx_comp.c...
compiling stm32f0xx_crc.c...
compiling stm32f0xx_dac.c...
compiling stm32f0xx_dbgmcu.c...
compiling stm32f0xx_dma.c...
compiling stm32f0xx_exti.c...
compiling stm32f0xx_flash.c...
compiling stm32f0xx_gpio.c...
compiling stm32f0xx_i2c.c...
compiling stm32f0xx_iwdg.c...
compiling stm32f0xx_misc.c...
compiling stm32f0xx_pwr.c...
compiling stm32f0xx_rcc.c...
compiling stm32f0xx_rtc.c...
compiling stm32f0xx_spi.c...
compiling stm32f0xx_syscfg.c...
compiling stm32f0xx_tim.c...
compiling stm32f0xx_usart.c...
compiling stm32f0xx_wwdg.c...
linking...
Program Size: Code=6408 RO-data=224 RW-data=56 ZI-data=1040  
FromELF: creating hex file...
".\Out\Project.axf" - 0 Errors, 0 Warning(s).
Rebuild target 'STM32F051_I2C'
compiling main.c...
..\User\main.c(172): warning:  #177-D: variable "DefaultKey" was declared but never referenced
compiling stm32f0xx_it.c...
compiling usart.c...
compiling FM1702.c...
compiling IIC.c...
compiling system_stm32f0xx.c...
assembling startup_stm32f0xx.s...
compiling stm32f0xx_adc.c...
compiling stm32f0xx_cec.c...
compiling stm32f0xx_comp.c...
compiling stm32f0xx_crc.c...
compiling stm32f0xx_dac.c...
compiling stm32f0xx_dbgmcu.c...
compiling stm32f0xx_dma.c...
compiling stm32f0xx_exti.c...
compiling stm32f0xx_flash.c...
compiling stm32f0xx_gpio.c...
compiling stm32f0xx_i2c.c...
compiling stm32f0xx_iwdg.c...
compiling stm32f0xx_misc.c...
compiling stm32f0xx_pwr.c...
compiling stm32f0xx_rcc.c...
compiling stm32f0xx_rtc.c...
compiling stm32f0xx_spi.c...
compiling stm32f0xx_syscfg.c...
compiling stm32f0xx_tim.c...
compiling stm32f0xx_usart.c...
compiling stm32f0xx_wwdg.c...
linking...
Program Size: Code=5808 RO-data=224 RW-data=56 ZI-data=1040  
FromELF: creating hex file...
".\Out\Project.axf" - 0 Errors, 1 Warning(s).
Rebuild target 'STM32F051_I2C'
compiling main.c...
..\User\main.c(172): warning:  #177-D: variable "DefaultKey" was declared but never referenced
compiling stm32f0xx_it.c...
compiling usart.c...
compiling FM1702.c...
compiling IIC.c...
compiling system_stm32f0xx.c...
assembling startup_stm32f0xx.s...
compiling stm32f0xx_adc.c...
compiling stm32f0xx_cec.c...
compiling stm32f0xx_comp.c...
compiling stm32f0xx_crc.c...
compiling stm32f0xx_dac.c...
compiling stm32f0xx_dbgmcu.c...
compiling stm32f0xx_dma.c...
compiling stm32f0xx_exti.c...
compiling stm32f0xx_flash.c...
compiling stm32f0xx_gpio.c...
compiling stm32f0xx_i2c.c...
compiling stm32f0xx_iwdg.c...
compiling stm32f0xx_misc.c...
compiling stm32f0xx_pwr.c...
compiling stm32f0xx_rcc.c...
compiling stm32f0xx_rtc.c...
compiling stm32f0xx_spi.c...
compiling stm32f0xx_syscfg.c...
compiling stm32f0xx_tim.c...
compiling stm32f0xx_usart.c...
compiling stm32f0xx_wwdg.c...
linking...
Program Size: Code=6088 RO-data=224 RW-data=56 ZI-data=1040  
FromELF: creating hex file...
".\Out\Project.axf" - 0 Errors, 1 Warning(s).
Rebuild target 'STM32F051_I2C'
compiling main.c...
compiling stm32f0xx_it.c...
compiling usart.c...
compiling FM1702.c...
compiling IIC.c...
compiling system_stm32f0xx.c...
assembling startup_stm32f0xx.s...
compiling stm32f0xx_adc.c...
compiling stm32f0xx_cec.c...
compiling stm32f0xx_comp.c...
compiling stm32f0xx_crc.c...
compiling stm32f0xx_dac.c...
compiling stm32f0xx_dbgmcu.c...
compiling stm32f0xx_dma.c...
compiling stm32f0xx_exti.c...
compiling stm32f0xx_flash.c...
compiling stm32f0xx_gpio.c...
compiling stm32f0xx_i2c.c...
compiling stm32f0xx_iwdg.c...
compiling stm32f0xx_misc.c...
compiling stm32f0xx_pwr.c...
compiling stm32f0xx_rcc.c...
compiling stm32f0xx_rtc.c...
compiling stm32f0xx_spi.c...
compiling stm32f0xx_syscfg.c...
compiling stm32f0xx_tim.c...
compiling stm32f0xx_usart.c...
compiling stm32f0xx_wwdg.c...
linking...
Program Size: Code=6216 RO-data=224 RW-data=56 ZI-data=1040  
FromELF: creating hex file...
".\Out\Project.axf" - 0 Errors, 0 Warning(s).
Rebuild target 'STM32F051_I2C'
compiling main.c...
compiling stm32f0xx_it.c...
compiling usart.c...
compiling FM1702.c...
compiling IIC.c...
compiling system_stm32f0xx.c...
assembling startup_stm32f0xx.s...
compiling stm32f0xx_adc.c...
compiling stm32f0xx_cec.c...
compiling stm32f0xx_comp.c...
compiling stm32f0xx_crc.c...
compiling stm32f0xx_dac.c...
compiling stm32f0xx_dbgmcu.c...
compiling stm32f0xx_dma.c...
compiling stm32f0xx_exti.c...
compiling stm32f0xx_flash.c...
compiling stm32f0xx_gpio.c...
compiling stm32f0xx_i2c.c...
compiling stm32f0xx_iwdg.c...
compiling stm32f0xx_misc.c...
compiling stm32f0xx_pwr.c...
compiling stm32f0xx_rcc.c...
compiling stm32f0xx_rtc.c...
compiling stm32f0xx_spi.c...
compiling stm32f0xx_syscfg.c...
compiling stm32f0xx_tim.c...
compiling stm32f0xx_usart.c...
compiling stm32f0xx_wwdg.c...
linking...
Program Size: Code=6408 RO-data=224 RW-data=56 ZI-data=1040  
FromELF: creating hex file...
".\Out\Project.axf" - 0 Errors, 0 Warning(s).
Rebuild target 'STM32F051_I2C'
compiling main.c...
..\User\main.c(172): warning:  #177-D: variable "DefaultKey" was declared but never referenced
compiling stm32f0xx_it.c...
compiling usart.c...
compiling FM1702.c...
compiling IIC.c...
compiling system_stm32f0xx.c...
assembling startup_stm32f0xx.s...
compiling stm32f0xx_adc.c...
compiling stm32f0xx_cec.c...
compiling stm32f0xx_comp.c...
compiling stm32f0xx_crc.c...
compiling stm32f0xx_dac.c...
compiling stm32f0xx_dbgmcu.c...
compiling stm32f0xx_dma.c...
compiling stm32f0xx_exti.c...
compiling stm32f0xx_flash.c...
compiling stm32f0xx_gpio.c...
compiling stm32f0xx_i2c.c...
compiling stm32f0xx_iwdg.c...
compiling stm32f0xx_misc.c...
compiling stm32f0xx_pwr.c...
compiling stm32f0xx_rcc.c...
compiling stm32f0xx_rtc.c...
compiling stm32f0xx_spi.c...
compiling stm32f0xx_syscfg.c...
compiling stm32f0xx_tim.c...
compiling stm32f0xx_usart.c...
compiling stm32f0xx_wwdg.c...
linking...
Program Size: Code=6280 RO-data=224 RW-data=56 ZI-data=1040  
FromELF: creating hex file...
".\Out\Project.axf" - 0 Errors, 1 Warning(s).
Rebuild target 'STM32F051_I2C'
compiling main.c...
..\User\main.c(172): warning:  #177-D: variable "DefaultKey" was declared but never referenced
compiling stm32f0xx_it.c...
compiling usart.c...
compiling FM1702.c...
compiling IIC.c...
compiling system_stm32f0xx.c...
assembling startup_stm32f0xx.s...
compiling stm32f0xx_adc.c...
compiling stm32f0xx_cec.c...
compiling stm32f0xx_comp.c...
compiling stm32f0xx_crc.c...
compiling stm32f0xx_dac.c...
compiling stm32f0xx_dbgmcu.c...
compiling stm32f0xx_dma.c...
compiling stm32f0xx_exti.c...
compiling stm32f0xx_flash.c...
compiling stm32f0xx_gpio.c...
compiling stm32f0xx_i2c.c...
compiling stm32f0xx_iwdg.c...
compiling stm32f0xx_misc.c...
compiling stm32f0xx_pwr.c...
compiling stm32f0xx_rcc.c...
compiling stm32f0xx_rtc.c...
compiling stm32f0xx_spi.c...
compiling stm32f0xx_syscfg.c...
compiling stm32f0xx_tim.c...
compiling stm32f0xx_usart.c...
compiling stm32f0xx_wwdg.c...
linking...
Program Size: Code=6260 RO-data=224 RW-data=56 ZI-data=1040  
FromELF: creating hex file...
".\Out\Project.axf" - 0 Errors, 1 Warning(s).
Rebuild target 'STM32F051_I2C'
compiling main.c...
..\User\main.c(172): warning:  #177-D: variable "DefaultKey" was declared but never referenced
compiling stm32f0xx_it.c...
compiling usart.c...
compiling FM1702.c...
compiling IIC.c...
compiling system_stm32f0xx.c...
assembling startup_stm32f0xx.s...
compiling stm32f0xx_adc.c...
compiling stm32f0xx_cec.c...
compiling stm32f0xx_comp.c...
compiling stm32f0xx_crc.c...
compiling stm32f0xx_dac.c...
compiling stm32f0xx_dbgmcu.c...
compiling stm32f0xx_dma.c...
compiling stm32f0xx_exti.c...
compiling stm32f0xx_flash.c...
compiling stm32f0xx_gpio.c...
compiling stm32f0xx_i2c.c...
compiling stm32f0xx_iwdg.c...
compiling stm32f0xx_misc.c...
compiling stm32f0xx_pwr.c...
compiling stm32f0xx_rcc.c...
compiling stm32f0xx_rtc.c...
compiling stm32f0xx_spi.c...
compiling stm32f0xx_syscfg.c...
compiling stm32f0xx_tim.c...
compiling stm32f0xx_usart.c...
compiling stm32f0xx_wwdg.c...
linking...
Program Size: Code=5980 RO-data=224 RW-data=56 ZI-data=1040  
FromELF: creating hex file...
".\Out\Project.axf" - 0 Errors, 1 Warning(s).
Rebuild target 'STM32F051_I2C'
compiling main.c...
compiling stm32f0xx_it.c...
compiling usart.c...
compiling FM1702.c...
compiling IIC.c...
compiling system_stm32f0xx.c...
assembling startup_stm32f0xx.s...
compiling stm32f0xx_adc.c...
compiling stm32f0xx_cec.c...
compiling stm32f0xx_comp.c...
compiling stm32f0xx_crc.c...
compiling stm32f0xx_dac.c...
compiling stm32f0xx_dbgmcu.c...
compiling stm32f0xx_dma.c...
compiling stm32f0xx_exti.c...
compiling stm32f0xx_flash.c...
compiling stm32f0xx_gpio.c...
compiling stm32f0xx_i2c.c...
compiling stm32f0xx_iwdg.c...
compiling stm32f0xx_misc.c...
compiling stm32f0xx_pwr.c...
compiling stm32f0xx_rcc.c...
compiling stm32f0xx_rtc.c...
compiling stm32f0xx_spi.c...
compiling stm32f0xx_syscfg.c...
compiling stm32f0xx_tim.c...
compiling stm32f0xx_usart.c...
compiling stm32f0xx_wwdg.c...
linking...
Program Size: Code=6388 RO-data=224 RW-data=56 ZI-data=1040  
FromELF: creating hex file...
".\Out\Project.axf" - 0 Errors, 0 Warning(s).
Rebuild target 'STM32F051_I2C'
compiling main.c...
compiling stm32f0xx_it.c...
compiling usart.c...
compiling FM1702.c...
compiling IIC.c...
compiling system_stm32f0xx.c...
assembling startup_stm32f0xx.s...
compiling stm32f0xx_adc.c...
compiling stm32f0xx_cec.c...
compiling stm32f0xx_comp.c...
compiling stm32f0xx_crc.c...
compiling stm32f0xx_dac.c...
compiling stm32f0xx_dbgmcu.c...
compiling stm32f0xx_dma.c...
compiling stm32f0xx_exti.c...
compiling stm32f0xx_flash.c...
compiling stm32f0xx_gpio.c...
compiling stm32f0xx_i2c.c...
compiling stm32f0xx_iwdg.c...
compiling stm32f0xx_misc.c...
compiling stm32f0xx_pwr.c...
compiling stm32f0xx_rcc.c...
compiling stm32f0xx_rtc.c...
compiling stm32f0xx_spi.c...
compiling stm32f0xx_syscfg.c...
compiling stm32f0xx_tim.c...
compiling stm32f0xx_usart.c...
compiling stm32f0xx_wwdg.c...
linking...
Program Size: Code=6408 RO-data=224 RW-data=56 ZI-data=1040  
FromELF: creating hex file...
".\Out\Project.axf" - 0 Errors, 0 Warning(s).
