ARM Linker, 5.03 [Build 76] [MDK-ARM Professional]

==============================================================================

Section Cross References

    main.o(.text) refers to stm32f0xx_rcc.o(.text) for RCC_AHBPeriphClockCmd
    main.o(.text) refers to stm32f0xx_dma.o(.text) for DMA_DeInit
    main.o(.text) refers to stm32f0xx_adc.o(.text) for ADC_DeInit
    main.o(.text) refers to stm32f0xx_gpio.o(.text) for GPIO_Init
    main.o(.text) refers to uidiv.o(.text) for __aeabi_uidivmod
    main.o(.text) refers to usart.o(.text) for USART_Configuration
    main.o(.text) refers to printfa.o(i.__0printf) for __2printf
    main.o(.text) refers to ffltui.o(.text) for __aeabi_ui2f
    main.o(.text) refers to f2d.o(.text) for __aeabi_f2d
    main.o(.text) refers to dmul.o(.text) for __aeabi_dmul
    main.o(.text) refers to ddiv.o(.text) for __aeabi_ddiv
    main.o(.text) refers to main.o(.data) for TimingDelay
    main.o(.text) refers to main.o(.bss) for RegularConvData_Tab
    stm32f0xx_it.o(.text) refers to main.o(.text) for TimingDelay_Decrement
    usart.o(.text) refers to stm32f0xx_usart.o(.text) for USART_SendData
    usart.o(.text) refers to stm32f0xx_rcc.o(.text) for RCC_AHBPeriphClockCmd
    usart.o(.text) refers to stm32f0xx_gpio.o(.text) for GPIO_PinAFConfig
    usart.o(.text) refers to stm32f0xx_misc.o(.text) for NVIC_Init
    system_stm32f0xx.o(.text) refers to uidiv.o(.text) for __aeabi_uidivmod
    system_stm32f0xx.o(.text) refers to system_stm32f0xx.o(.data) for SystemCoreClock
    stm32f0xx_gpio.o(.text) refers to stm32f0xx_rcc.o(.text) for RCC_AHBPeriphResetCmd
    stm32f0xx_usart.o(.text) refers to stm32f0xx_rcc.o(.text) for RCC_APB2PeriphResetCmd
    stm32f0xx_usart.o(.text) refers to uidiv.o(.text) for __aeabi_uidivmod
    stm32f0xx_tim.o(.text) refers to stm32f0xx_rcc.o(.text) for RCC_APB2PeriphResetCmd
    stm32f0xx_spi.o(.text) refers to stm32f0xx_rcc.o(.text) for RCC_APB2PeriphResetCmd
    stm32f0xx_spi.o(.text) refers to uidiv.o(.text) for __aeabi_uidivmod
    stm32f0xx_i2c.o(.text) refers to stm32f0xx_rcc.o(.text) for RCC_APB1PeriphResetCmd
    stm32f0xx_adc.o(.text) refers to stm32f0xx_rcc.o(.text) for RCC_APB2PeriphResetCmd
    stm32f0xx_cec.o(.text) refers to stm32f0xx_rcc.o(.text) for RCC_APB1PeriphResetCmd
    stm32f0xx_dac.o(.text) refers to stm32f0xx_rcc.o(.text) for RCC_APB1PeriphResetCmd
    stm32f0xx_pwr.o(.text) refers to stm32f0xx_rcc.o(.text) for RCC_APB1PeriphResetCmd
    stm32f0xx_rcc.o(.text) refers to uidiv.o(.text) for __aeabi_uidivmod
    stm32f0xx_rcc.o(.text) refers to stm32f0xx_rcc.o(.data) for APBAHBPrescTable
    stm32f0xx_wwdg.o(.text) refers to stm32f0xx_rcc.o(.text) for RCC_APB1PeriphResetCmd
    startup_stm32f0xx.o(RESET) refers to startup_stm32f0xx.o(STACK) for __initial_sp
    startup_stm32f0xx.o(RESET) refers to startup_stm32f0xx.o(.text) for Reset_Handler
    startup_stm32f0xx.o(RESET) refers to stm32f0xx_it.o(.text) for NMI_Handler
    startup_stm32f0xx.o(.text) refers to system_stm32f0xx.o(.text) for SystemInit
    startup_stm32f0xx.o(.text) refers to entry.o(.ARM.Collect$$$$00000000) for __main
    entry.o(.ARM.Collect$$$$00000000) refers (Special) to entry10a.o(.ARM.Collect$$$$0000000D) for __rt_final_cpp
    entry.o(.ARM.Collect$$$$00000000) refers (Special) to entry11a.o(.ARM.Collect$$$$0000000F) for __rt_final_exit
    entry.o(.ARM.Collect$$$$00000000) refers (Special) to entry7b.o(.ARM.Collect$$$$00000008) for _main_clock
    entry.o(.ARM.Collect$$$$00000000) refers (Special) to entry8b.o(.ARM.Collect$$$$0000000A) for _main_cpp_init
    entry.o(.ARM.Collect$$$$00000000) refers (Special) to entry9a.o(.ARM.Collect$$$$0000000B) for _main_init
    entry.o(.ARM.Collect$$$$00000000) refers (Special) to entry5.o(.ARM.Collect$$$$00000004) for _main_scatterload
    entry.o(.ARM.Collect$$$$00000000) refers (Special) to entry2.o(.ARM.Collect$$$$00000001) for _main_stk
    printfb.o(i.__0fprintf$bare) refers to printfb.o(i._printf_core) for _printf_core
    printfb.o(i.__0fprintf$bare) refers to usart.o(.text) for fputc
    printfb.o(i.__0printf$bare) refers to printfb.o(i._printf_core) for _printf_core
    printfb.o(i.__0printf$bare) refers to usart.o(.text) for fputc
    printfb.o(i.__0printf$bare) refers to stdout.o(.data) for __stdout
    printfb.o(i.__0snprintf$bare) refers to printfb.o(i._printf_core) for _printf_core
    printfb.o(i.__0snprintf$bare) refers to printfb.o(i._snputc) for _snputc
    printfb.o(i.__0sprintf$bare) refers to printfb.o(i._printf_core) for _printf_core
    printfb.o(i.__0sprintf$bare) refers to printfb.o(i._sputc) for _sputc
    printfb.o(i.__0vfprintf$bare) refers to printfb.o(i._printf_core) for _printf_core
    printfb.o(i.__0vfprintf$bare) refers to usart.o(.text) for fputc
    printfb.o(i.__0vprintf$bare) refers to printfb.o(i._printf_core) for _printf_core
    printfb.o(i.__0vprintf$bare) refers to usart.o(.text) for fputc
    printfb.o(i.__0vprintf$bare) refers to stdout.o(.data) for __stdout
    printfb.o(i.__0vsnprintf$bare) refers to printfb.o(i._printf_core) for _printf_core
    printfb.o(i.__0vsnprintf$bare) refers to printfb.o(i._snputc) for _snputc
    printfb.o(i.__0vsprintf$bare) refers to printfb.o(i._printf_core) for _printf_core
    printfb.o(i.__0vsprintf$bare) refers to printfb.o(i._sputc) for _sputc
    printf0.o(i.__0fprintf$0) refers to printf0.o(i._printf_core) for _printf_core
    printf0.o(i.__0fprintf$0) refers to usart.o(.text) for fputc
    printf0.o(i.__0printf$0) refers to printf0.o(i._printf_core) for _printf_core
    printf0.o(i.__0printf$0) refers to usart.o(.text) for fputc
    printf0.o(i.__0printf$0) refers to stdout.o(.data) for __stdout
    printf0.o(i.__0snprintf$0) refers to printf0.o(i._printf_core) for _printf_core
    printf0.o(i.__0snprintf$0) refers to printf0.o(i._snputc) for _snputc
    printf0.o(i.__0sprintf$0) refers to printf0.o(i._printf_core) for _printf_core
    printf0.o(i.__0sprintf$0) refers to printf0.o(i._sputc) for _sputc
    printf0.o(i.__0vfprintf$0) refers to printf0.o(i._printf_core) for _printf_core
    printf0.o(i.__0vfprintf$0) refers to usart.o(.text) for fputc
    printf0.o(i.__0vprintf$0) refers to printf0.o(i._printf_core) for _printf_core
    printf0.o(i.__0vprintf$0) refers to usart.o(.text) for fputc
    printf0.o(i.__0vprintf$0) refers to stdout.o(.data) for __stdout
    printf0.o(i.__0vsnprintf$0) refers to printf0.o(i._printf_core) for _printf_core
    printf0.o(i.__0vsnprintf$0) refers to printf0.o(i._snputc) for _snputc
    printf0.o(i.__0vsprintf$0) refers to printf0.o(i._printf_core) for _printf_core
    printf0.o(i.__0vsprintf$0) refers to printf0.o(i._sputc) for _sputc
    printf1.o(i.__0fprintf$1) refers to printf1.o(i._printf_core) for _printf_core
    printf1.o(i.__0fprintf$1) refers to usart.o(.text) for fputc
    printf1.o(i.__0printf$1) refers to printf1.o(i._printf_core) for _printf_core
    printf1.o(i.__0printf$1) refers to usart.o(.text) for fputc
    printf1.o(i.__0printf$1) refers to stdout.o(.data) for __stdout
    printf1.o(i.__0snprintf$1) refers to printf1.o(i._printf_core) for _printf_core
    printf1.o(i.__0snprintf$1) refers to printf1.o(i._snputc) for _snputc
    printf1.o(i.__0sprintf$1) refers to printf1.o(i._printf_core) for _printf_core
    printf1.o(i.__0sprintf$1) refers to printf1.o(i._sputc) for _sputc
    printf1.o(i.__0vfprintf$1) refers to printf1.o(i._printf_core) for _printf_core
    printf1.o(i.__0vfprintf$1) refers to usart.o(.text) for fputc
    printf1.o(i.__0vprintf$1) refers to printf1.o(i._printf_core) for _printf_core
    printf1.o(i.__0vprintf$1) refers to usart.o(.text) for fputc
    printf1.o(i.__0vprintf$1) refers to stdout.o(.data) for __stdout
    printf1.o(i.__0vsnprintf$1) refers to printf1.o(i._printf_core) for _printf_core
    printf1.o(i.__0vsnprintf$1) refers to printf1.o(i._snputc) for _snputc
    printf1.o(i.__0vsprintf$1) refers to printf1.o(i._printf_core) for _printf_core
    printf1.o(i.__0vsprintf$1) refers to printf1.o(i._sputc) for _sputc
    printf1.o(i._printf_core) refers to uidiv.o(.text) for __aeabi_uidivmod
    printf2.o(i.__0fprintf$2) refers to printf2.o(i._printf_core) for _printf_core
    printf2.o(i.__0fprintf$2) refers to usart.o(.text) for fputc
    printf2.o(i.__0printf$2) refers to printf2.o(i._printf_core) for _printf_core
    printf2.o(i.__0printf$2) refers to usart.o(.text) for fputc
    printf2.o(i.__0printf$2) refers to stdout.o(.data) for __stdout
    printf2.o(i.__0snprintf$2) refers to printf2.o(i._printf_core) for _printf_core
    printf2.o(i.__0snprintf$2) refers to printf2.o(i._snputc) for _snputc
    printf2.o(i.__0sprintf$2) refers to printf2.o(i._printf_core) for _printf_core
    printf2.o(i.__0sprintf$2) refers to printf2.o(i._sputc) for _sputc
    printf2.o(i.__0vfprintf$2) refers to printf2.o(i._printf_core) for _printf_core
    printf2.o(i.__0vfprintf$2) refers to usart.o(.text) for fputc
    printf2.o(i.__0vprintf$2) refers to printf2.o(i._printf_core) for _printf_core
    printf2.o(i.__0vprintf$2) refers to usart.o(.text) for fputc
    printf2.o(i.__0vprintf$2) refers to stdout.o(.data) for __stdout
    printf2.o(i.__0vsnprintf$2) refers to printf2.o(i._printf_core) for _printf_core
    printf2.o(i.__0vsnprintf$2) refers to printf2.o(i._snputc) for _snputc
    printf2.o(i.__0vsprintf$2) refers to printf2.o(i._printf_core) for _printf_core
    printf2.o(i.__0vsprintf$2) refers to printf2.o(i._sputc) for _sputc
    printf3.o(i.__0fprintf$3) refers to printf3.o(i._printf_core) for _printf_core
    printf3.o(i.__0fprintf$3) refers to usart.o(.text) for fputc
    printf3.o(i.__0printf$3) refers to printf3.o(i._printf_core) for _printf_core
    printf3.o(i.__0printf$3) refers to usart.o(.text) for fputc
    printf3.o(i.__0printf$3) refers to stdout.o(.data) for __stdout
    printf3.o(i.__0snprintf$3) refers to printf3.o(i._printf_core) for _printf_core
    printf3.o(i.__0snprintf$3) refers to printf3.o(i._snputc) for _snputc
    printf3.o(i.__0sprintf$3) refers to printf3.o(i._printf_core) for _printf_core
    printf3.o(i.__0sprintf$3) refers to printf3.o(i._sputc) for _sputc
    printf3.o(i.__0vfprintf$3) refers to printf3.o(i._printf_core) for _printf_core
    printf3.o(i.__0vfprintf$3) refers to usart.o(.text) for fputc
    printf3.o(i.__0vprintf$3) refers to printf3.o(i._printf_core) for _printf_core
    printf3.o(i.__0vprintf$3) refers to usart.o(.text) for fputc
    printf3.o(i.__0vprintf$3) refers to stdout.o(.data) for __stdout
    printf3.o(i.__0vsnprintf$3) refers to printf3.o(i._printf_core) for _printf_core
    printf3.o(i.__0vsnprintf$3) refers to printf3.o(i._snputc) for _snputc
    printf3.o(i.__0vsprintf$3) refers to printf3.o(i._printf_core) for _printf_core
    printf3.o(i.__0vsprintf$3) refers to printf3.o(i._sputc) for _sputc
    printf3.o(i._printf_core) refers to uidiv.o(.text) for __aeabi_uidivmod
    printf4.o(i.__0fprintf$4) refers to printf4.o(i._printf_core) for _printf_core
    printf4.o(i.__0fprintf$4) refers to usart.o(.text) for fputc
    printf4.o(i.__0printf$4) refers to printf4.o(i._printf_core) for _printf_core
    printf4.o(i.__0printf$4) refers to usart.o(.text) for fputc
    printf4.o(i.__0printf$4) refers to stdout.o(.data) for __stdout
    printf4.o(i.__0snprintf$4) refers to printf4.o(i._printf_core) for _printf_core
    printf4.o(i.__0snprintf$4) refers to printf4.o(i._snputc) for _snputc
    printf4.o(i.__0sprintf$4) refers to printf4.o(i._printf_core) for _printf_core
    printf4.o(i.__0sprintf$4) refers to printf4.o(i._sputc) for _sputc
    printf4.o(i.__0vfprintf$4) refers to printf4.o(i._printf_core) for _printf_core
    printf4.o(i.__0vfprintf$4) refers to usart.o(.text) for fputc
    printf4.o(i.__0vprintf$4) refers to printf4.o(i._printf_core) for _printf_core
    printf4.o(i.__0vprintf$4) refers to usart.o(.text) for fputc
    printf4.o(i.__0vprintf$4) refers to stdout.o(.data) for __stdout
    printf4.o(i.__0vsnprintf$4) refers to printf4.o(i._printf_core) for _printf_core
    printf4.o(i.__0vsnprintf$4) refers to printf4.o(i._snputc) for _snputc
    printf4.o(i.__0vsprintf$4) refers to printf4.o(i._printf_core) for _printf_core
    printf4.o(i.__0vsprintf$4) refers to printf4.o(i._sputc) for _sputc
    printf4.o(i._printf_core) refers to uldiv.o(.text) for __aeabi_uldivmod
    printf5.o(i.__0fprintf$5) refers to printf5.o(i._printf_core) for _printf_core
    printf5.o(i.__0fprintf$5) refers to usart.o(.text) for fputc
    printf5.o(i.__0printf$5) refers to printf5.o(i._printf_core) for _printf_core
    printf5.o(i.__0printf$5) refers to usart.o(.text) for fputc
    printf5.o(i.__0printf$5) refers to stdout.o(.data) for __stdout
    printf5.o(i.__0snprintf$5) refers to printf5.o(i._printf_core) for _printf_core
    printf5.o(i.__0snprintf$5) refers to printf5.o(i._snputc) for _snputc
    printf5.o(i.__0sprintf$5) refers to printf5.o(i._printf_core) for _printf_core
    printf5.o(i.__0sprintf$5) refers to printf5.o(i._sputc) for _sputc
    printf5.o(i.__0vfprintf$5) refers to printf5.o(i._printf_core) for _printf_core
    printf5.o(i.__0vfprintf$5) refers to usart.o(.text) for fputc
    printf5.o(i.__0vprintf$5) refers to printf5.o(i._printf_core) for _printf_core
    printf5.o(i.__0vprintf$5) refers to usart.o(.text) for fputc
    printf5.o(i.__0vprintf$5) refers to stdout.o(.data) for __stdout
    printf5.o(i.__0vsnprintf$5) refers to printf5.o(i._printf_core) for _printf_core
    printf5.o(i.__0vsnprintf$5) refers to printf5.o(i._snputc) for _snputc
    printf5.o(i.__0vsprintf$5) refers to printf5.o(i._printf_core) for _printf_core
    printf5.o(i.__0vsprintf$5) refers to printf5.o(i._sputc) for _sputc
    printf5.o(i._printf_core) refers to uldiv.o(.text) for __aeabi_uldivmod
    printf6.o(i.__0fprintf$6) refers to printf6.o(i._printf_core) for _printf_core
    printf6.o(i.__0fprintf$6) refers to usart.o(.text) for fputc
    printf6.o(i.__0printf$6) refers to printf6.o(i._printf_core) for _printf_core
    printf6.o(i.__0printf$6) refers to usart.o(.text) for fputc
    printf6.o(i.__0printf$6) refers to stdout.o(.data) for __stdout
    printf6.o(i.__0snprintf$6) refers to printf6.o(i._printf_core) for _printf_core
    printf6.o(i.__0snprintf$6) refers to printf6.o(i._snputc) for _snputc
    printf6.o(i.__0sprintf$6) refers to printf6.o(i._printf_core) for _printf_core
    printf6.o(i.__0sprintf$6) refers to printf6.o(i._sputc) for _sputc
    printf6.o(i.__0vfprintf$6) refers to printf6.o(i._printf_core) for _printf_core
    printf6.o(i.__0vfprintf$6) refers to usart.o(.text) for fputc
    printf6.o(i.__0vprintf$6) refers to printf6.o(i._printf_core) for _printf_core
    printf6.o(i.__0vprintf$6) refers to usart.o(.text) for fputc
    printf6.o(i.__0vprintf$6) refers to stdout.o(.data) for __stdout
    printf6.o(i.__0vsnprintf$6) refers to printf6.o(i._printf_core) for _printf_core
    printf6.o(i.__0vsnprintf$6) refers to printf6.o(i._snputc) for _snputc
    printf6.o(i.__0vsprintf$6) refers to printf6.o(i._printf_core) for _printf_core
    printf6.o(i.__0vsprintf$6) refers to printf6.o(i._sputc) for _sputc
    printf6.o(i._printf_core) refers to printf6.o(i._printf_pre_padding) for _printf_pre_padding
    printf6.o(i._printf_core) refers to printf6.o(i._printf_post_padding) for _printf_post_padding
    printf6.o(i._printf_core) refers to uidiv.o(.text) for __aeabi_uidivmod
    printf7.o(i.__0fprintf$7) refers to printf7.o(i._printf_core) for _printf_core
    printf7.o(i.__0fprintf$7) refers to usart.o(.text) for fputc
    printf7.o(i.__0printf$7) refers to printf7.o(i._printf_core) for _printf_core
    printf7.o(i.__0printf$7) refers to usart.o(.text) for fputc
    printf7.o(i.__0printf$7) refers to stdout.o(.data) for __stdout
    printf7.o(i.__0snprintf$7) refers to printf7.o(i._printf_core) for _printf_core
    printf7.o(i.__0snprintf$7) refers to printf7.o(i._snputc) for _snputc
    printf7.o(i.__0sprintf$7) refers to printf7.o(i._printf_core) for _printf_core
    printf7.o(i.__0sprintf$7) refers to printf7.o(i._sputc) for _sputc
    printf7.o(i.__0vfprintf$7) refers to printf7.o(i._printf_core) for _printf_core
    printf7.o(i.__0vfprintf$7) refers to usart.o(.text) for fputc
    printf7.o(i.__0vprintf$7) refers to printf7.o(i._printf_core) for _printf_core
    printf7.o(i.__0vprintf$7) refers to usart.o(.text) for fputc
    printf7.o(i.__0vprintf$7) refers to stdout.o(.data) for __stdout
    printf7.o(i.__0vsnprintf$7) refers to printf7.o(i._printf_core) for _printf_core
    printf7.o(i.__0vsnprintf$7) refers to printf7.o(i._snputc) for _snputc
    printf7.o(i.__0vsprintf$7) refers to printf7.o(i._printf_core) for _printf_core
    printf7.o(i.__0vsprintf$7) refers to printf7.o(i._sputc) for _sputc
    printf7.o(i._printf_core) refers to printf7.o(i._printf_pre_padding) for _printf_pre_padding
    printf7.o(i._printf_core) refers to printf7.o(i._printf_post_padding) for _printf_post_padding
    printf7.o(i._printf_core) refers to uldiv.o(.text) for __aeabi_uldivmod
    printf8.o(i.__0fprintf$8) refers to printf8.o(i._printf_core) for _printf_core
    printf8.o(i.__0fprintf$8) refers to usart.o(.text) for fputc
    printf8.o(i.__0printf$8) refers to printf8.o(i._printf_core) for _printf_core
    printf8.o(i.__0printf$8) refers to usart.o(.text) for fputc
    printf8.o(i.__0printf$8) refers to stdout.o(.data) for __stdout
    printf8.o(i.__0snprintf$8) refers to printf8.o(i._printf_core) for _printf_core
    printf8.o(i.__0snprintf$8) refers to printf8.o(i._snputc) for _snputc
    printf8.o(i.__0sprintf$8) refers to printf8.o(i._printf_core) for _printf_core
    printf8.o(i.__0sprintf$8) refers to printf8.o(i._sputc) for _sputc
    printf8.o(i.__0vfprintf$8) refers to printf8.o(i._printf_core) for _printf_core
    printf8.o(i.__0vfprintf$8) refers to usart.o(.text) for fputc
    printf8.o(i.__0vprintf$8) refers to printf8.o(i._printf_core) for _printf_core
    printf8.o(i.__0vprintf$8) refers to usart.o(.text) for fputc
    printf8.o(i.__0vprintf$8) refers to stdout.o(.data) for __stdout
    printf8.o(i.__0vsnprintf$8) refers to printf8.o(i._printf_core) for _printf_core
    printf8.o(i.__0vsnprintf$8) refers to printf8.o(i._snputc) for _snputc
    printf8.o(i.__0vsprintf$8) refers to printf8.o(i._printf_core) for _printf_core
    printf8.o(i.__0vsprintf$8) refers to printf8.o(i._sputc) for _sputc
    printf8.o(i._printf_core) refers to printf8.o(i._printf_pre_padding) for _printf_pre_padding
    printf8.o(i._printf_core) refers to printf8.o(i._printf_post_padding) for _printf_post_padding
    printf8.o(i._printf_core) refers to uldiv.o(.text) for __aeabi_uldivmod
    printfa.o(i.__0fprintf) refers (Special) to iusefp.o(.text) for __I$use$fp
    printfa.o(i.__0fprintf) refers to printfa.o(i._printf_core) for _printf_core
    printfa.o(i.__0fprintf) refers to usart.o(.text) for fputc
    printfa.o(i.__0printf) refers (Special) to iusefp.o(.text) for __I$use$fp
    printfa.o(i.__0printf) refers to printfa.o(i._printf_core) for _printf_core
    printfa.o(i.__0printf) refers to usart.o(.text) for fputc
    printfa.o(i.__0printf) refers to stdout.o(.data) for __stdout
    printfa.o(i.__0snprintf) refers (Special) to iusefp.o(.text) for __I$use$fp
    printfa.o(i.__0snprintf) refers to printfa.o(i._printf_core) for _printf_core
    printfa.o(i.__0snprintf) refers to printfa.o(i._snputc) for _snputc
    printfa.o(i.__0sprintf) refers (Special) to iusefp.o(.text) for __I$use$fp
    printfa.o(i.__0sprintf) refers to printfa.o(i._printf_core) for _printf_core
    printfa.o(i.__0sprintf) refers to printfa.o(i._sputc) for _sputc
    printfa.o(i.__0vfprintf) refers (Special) to iusefp.o(.text) for __I$use$fp
    printfa.o(i.__0vfprintf) refers to printfa.o(i._printf_core) for _printf_core
    printfa.o(i.__0vfprintf) refers to usart.o(.text) for fputc
    printfa.o(i.__0vprintf) refers (Special) to iusefp.o(.text) for __I$use$fp
    printfa.o(i.__0vprintf) refers to printfa.o(i._printf_core) for _printf_core
    printfa.o(i.__0vprintf) refers to usart.o(.text) for fputc
    printfa.o(i.__0vprintf) refers to stdout.o(.data) for __stdout
    printfa.o(i.__0vsnprintf) refers (Special) to iusefp.o(.text) for __I$use$fp
    printfa.o(i.__0vsnprintf) refers to printfa.o(i._printf_core) for _printf_core
    printfa.o(i.__0vsnprintf) refers to printfa.o(i._snputc) for _snputc
    printfa.o(i.__0vsprintf) refers (Special) to iusefp.o(.text) for __I$use$fp
    printfa.o(i.__0vsprintf) refers to printfa.o(i._printf_core) for _printf_core
    printfa.o(i.__0vsprintf) refers to printfa.o(i._sputc) for _sputc
    printfa.o(i._fp_digits) refers (Special) to iusefp.o(.text) for __I$use$fp
    printfa.o(i._fp_digits) refers to dmul.o(.text) for __aeabi_dmul
    printfa.o(i._fp_digits) refers to ddiv.o(.text) for __aeabi_ddiv
    printfa.o(i._fp_digits) refers to cdrcmple.o(.text) for __aeabi_cdrcmple
    printfa.o(i._fp_digits) refers to dadd.o(.text) for __aeabi_dadd
    printfa.o(i._fp_digits) refers to dfixul.o(.text) for __aeabi_d2ulz
    printfa.o(i._fp_digits) refers to uldiv.o(.text) for __aeabi_uldivmod
    printfa.o(i._printf_core) refers (Special) to iusefp.o(.text) for __I$use$fp
    printfa.o(i._printf_core) refers to printfa.o(i._printf_pre_padding) for _printf_pre_padding
    printfa.o(i._printf_core) refers to uldiv.o(.text) for __aeabi_uldivmod
    printfa.o(i._printf_core) refers to printfa.o(i._printf_post_padding) for _printf_post_padding
    printfa.o(i._printf_core) refers to printfa.o(i._fp_digits) for _fp_digits
    printfa.o(i._printf_core) refers to uidiv.o(.text) for __aeabi_uidivmod
    printfa.o(i._printf_post_padding) refers (Special) to iusefp.o(.text) for __I$use$fp
    printfa.o(i._printf_pre_padding) refers (Special) to iusefp.o(.text) for __I$use$fp
    printfa.o(i._snputc) refers (Special) to iusefp.o(.text) for __I$use$fp
    printfa.o(i._sputc) refers (Special) to iusefp.o(.text) for __I$use$fp
    dmul.o(.text) refers (Special) to iusefp.o(.text) for __I$use$fp
    dmul.o(.text) refers to depilogue.o(.text) for _double_epilogue
    ddiv.o(.text) refers (Special) to iusefp.o(.text) for __I$use$fp
    ddiv.o(.text) refers to depilogue.o(.text) for _double_round
    ffltui.o(.text) refers (Special) to iusefp.o(.text) for __I$use$fp
    ffltui.o(.text) refers to fepilogue.o(.text) for _float_epilogue
    f2d.o(.text) refers (Special) to iusefp.o(.text) for __I$use$fp
    entry2.o(.ARM.Collect$$$$00000001) refers to entry2.o(.ARM.Collect$$$$00002712) for __lit__00000000
    entry2.o(.ARM.Collect$$$$00002712) refers to startup_stm32f0xx.o(STACK) for __initial_sp
    entry2.o(__vectab_stack_and_reset_area) refers to startup_stm32f0xx.o(STACK) for __initial_sp
    entry2.o(__vectab_stack_and_reset_area) refers to entry.o(.ARM.Collect$$$$00000000) for __main
    entry5.o(.ARM.Collect$$$$00000004) refers to init.o(.text) for __scatterload
    entry9a.o(.ARM.Collect$$$$0000000B) refers to main.o(.text) for main
    entry9b.o(.ARM.Collect$$$$0000000C) refers to main.o(.text) for main
    uldiv.o(.text) refers to llushr.o(.text) for __aeabi_llsr
    uldiv.o(.text) refers to llshl.o(.text) for __aeabi_llsl
    depilogue.o(.text) refers to depilogue.o(i.__ARM_clz) for __ARM_clz
    depilogue.o(.text) refers to llshl.o(.text) for __aeabi_llsl
    depilogue.o(.text) refers to llushr.o(.text) for __aeabi_llsr
    dadd.o(.text) refers to llshl.o(.text) for __aeabi_llsl
    dadd.o(.text) refers to llsshr.o(.text) for __aeabi_lasr
    dadd.o(.text) refers to depilogue.o(.text) for _double_epilogue
    dfixul.o(.text) refers to llushr.o(.text) for __aeabi_llsr
    dfixul.o(.text) refers to llshl.o(.text) for __aeabi_llsl
    init.o(.text) refers to entry5.o(.ARM.Collect$$$$00000004) for __main_after_scatterload


==============================================================================

Removing Unused input sections from the image.

    Removing main.o(.emb_text), (8 bytes).
    Removing stm32f0xx_it.o(.emb_text), (8 bytes).
    Removing usart.o(.emb_text), (8 bytes).
    Removing system_stm32f0xx.o(.emb_text), (8 bytes).
    Removing stm32f0xx_gpio.o(.emb_text), (8 bytes).
    Removing stm32f0xx_usart.o(.emb_text), (8 bytes).
    Removing stm32f0xx_tim.o(.emb_text), (8 bytes).
    Removing stm32f0xx_tim.o(.text), (3020 bytes).
    Removing stm32f0xx_syscfg.o(.emb_text), (8 bytes).
    Removing stm32f0xx_syscfg.o(.text), (240 bytes).
    Removing stm32f0xx_spi.o(.emb_text), (8 bytes).
    Removing stm32f0xx_spi.o(.text), (952 bytes).
    Removing stm32f0xx_rtc.o(.emb_text), (8 bytes).
    Removing stm32f0xx_rtc.o(.text), (2916 bytes).
    Removing stm32f0xx_i2c.o(.emb_text), (8 bytes).
    Removing stm32f0xx_i2c.o(.text), (1178 bytes).
    Removing stm32f0xx_adc.o(.emb_text), (8 bytes).
    Removing stm32f0xx_cec.o(.emb_text), (8 bytes).
    Removing stm32f0xx_cec.o(.text), (332 bytes).
    Removing stm32f0xx_comp.o(.emb_text), (8 bytes).
    Removing stm32f0xx_comp.o(.text), (228 bytes).
    Removing stm32f0xx_crc.o(.emb_text), (8 bytes).
    Removing stm32f0xx_crc.o(.text), (160 bytes).
    Removing stm32f0xx_dac.o(.emb_text), (8 bytes).
    Removing stm32f0xx_dac.o(.text), (376 bytes).
    Removing stm32f0xx_dbgmcu.o(.emb_text), (8 bytes).
    Removing stm32f0xx_dbgmcu.o(.text), (108 bytes).
    Removing stm32f0xx_dma.o(.emb_text), (8 bytes).
    Removing stm32f0xx_exti.o(.emb_text), (8 bytes).
    Removing stm32f0xx_exti.o(.text), (260 bytes).
    Removing stm32f0xx_flash.o(.emb_text), (8 bytes).
    Removing stm32f0xx_flash.o(.text), (1496 bytes).
    Removing stm32f0xx_iwdg.o(.emb_text), (8 bytes).
    Removing stm32f0xx_iwdg.o(.text), (72 bytes).
    Removing stm32f0xx_misc.o(.emb_text), (8 bytes).
    Removing stm32f0xx_pwr.o(.emb_text), (8 bytes).
    Removing stm32f0xx_pwr.o(.text), (312 bytes).
    Removing stm32f0xx_rcc.o(.emb_text), (8 bytes).
    Removing stm32f0xx_wwdg.o(.emb_text), (8 bytes).
    Removing stm32f0xx_wwdg.o(.text), (148 bytes).
    Removing startup_stm32f0xx.o(HEAP), (512 bytes).

41 unused section(s) (total 12510 bytes) removed from the image.

==============================================================================

Image Symbol Table

    Local Symbols

    Symbol Name                              Value     Ov Type        Size  Object(Section)

    ../clib/microlib/division.c              0x00000000   Number         0  uidiv.o ABSOLUTE
    ../clib/microlib/division.c              0x00000000   Number         0  uldiv.o ABSOLUTE
    ../clib/microlib/init/entry.s            0x00000000   Number         0  entry7b.o ABSOLUTE
    ../clib/microlib/init/entry.s            0x00000000   Number         0  entry9b.o ABSOLUTE
    ../clib/microlib/init/entry.s            0x00000000   Number         0  entry9a.o ABSOLUTE
    ../clib/microlib/init/entry.s            0x00000000   Number         0  entry8b.o ABSOLUTE
    ../clib/microlib/init/entry.s            0x00000000   Number         0  entry8a.o ABSOLUTE
    ../clib/microlib/init/entry.s            0x00000000   Number         0  entry7a.o ABSOLUTE
    ../clib/microlib/init/entry.s            0x00000000   Number         0  entry5.o ABSOLUTE
    ../clib/microlib/init/entry.s            0x00000000   Number         0  entry2.o ABSOLUTE
    ../clib/microlib/init/entry.s            0x00000000   Number         0  entry.o ABSOLUTE
    ../clib/microlib/init/entry.s            0x00000000   Number         0  entry11b.o ABSOLUTE
    ../clib/microlib/init/entry.s            0x00000000   Number         0  entry11a.o ABSOLUTE
    ../clib/microlib/init/entry.s            0x00000000   Number         0  entry10b.o ABSOLUTE
    ../clib/microlib/init/entry.s            0x00000000   Number         0  entry10a.o ABSOLUTE
    ../clib/microlib/longlong.c              0x00000000   Number         0  llshl.o ABSOLUTE
    ../clib/microlib/longlong.c              0x00000000   Number         0  llsshr.o ABSOLUTE
    ../clib/microlib/longlong.c              0x00000000   Number         0  llushr.o ABSOLUTE
    ../clib/microlib/printf/printf.c         0x00000000   Number         0  printf3.o ABSOLUTE
    ../clib/microlib/printf/printf.c         0x00000000   Number         0  printf0.o ABSOLUTE
    ../clib/microlib/printf/printf.c         0x00000000   Number         0  printfb.o ABSOLUTE
    ../clib/microlib/printf/printf.c         0x00000000   Number         0  printf1.o ABSOLUTE
    ../clib/microlib/printf/printf.c         0x00000000   Number         0  printfa.o ABSOLUTE
    ../clib/microlib/printf/printf.c         0x00000000   Number         0  printf8.o ABSOLUTE
    ../clib/microlib/printf/printf.c         0x00000000   Number         0  printf7.o ABSOLUTE
    ../clib/microlib/printf/printf.c         0x00000000   Number         0  printf2.o ABSOLUTE
    ../clib/microlib/printf/printf.c         0x00000000   Number         0  printf6.o ABSOLUTE
    ../clib/microlib/printf/printf.c         0x00000000   Number         0  printf5.o ABSOLUTE
    ../clib/microlib/printf/printf.c         0x00000000   Number         0  printf4.o ABSOLUTE
    ../clib/microlib/printf/stubs.s          0x00000000   Number         0  stubs.o ABSOLUTE
    ../clib/microlib/stdio/streams.c         0x00000000   Number         0  stdout.o ABSOLUTE
    ../clib/microlib/stubs.s                 0x00000000   Number         0  iusefp.o ABSOLUTE
    ../fplib/microlib/f2d.c                  0x00000000   Number         0  f2d.o ABSOLUTE
    ../fplib/microlib/fpadd.c                0x00000000   Number         0  dadd.o ABSOLUTE
    ../fplib/microlib/fpdiv.c                0x00000000   Number         0  ddiv.o ABSOLUTE
    ../fplib/microlib/fpepilogue.c           0x00000000   Number         0  depilogue.o ABSOLUTE
    ../fplib/microlib/fpepilogue.c           0x00000000   Number         0  fepilogue.o ABSOLUTE
    ../fplib/microlib/fpfix.c                0x00000000   Number         0  dfixul.o ABSOLUTE
    ../fplib/microlib/fpflt.c                0x00000000   Number         0  ffltui.o ABSOLUTE
    ../fplib/microlib/fpmul.c                0x00000000   Number         0  dmul.o ABSOLUTE
    ..\Libraries\CMSIS\Device\Source\startup_stm32f0xx.s 0x00000000   Number         0  startup_stm32f0xx.o ABSOLUTE
    ..\Libraries\CMSIS\Device\Source\system_stm32f0xx.c 0x00000000   Number         0  system_stm32f0xx.o ABSOLUTE
    ..\Libraries\STM32F0xx_StdPeriph_Driver\src\stm32f0xx_adc.c 0x00000000   Number         0  stm32f0xx_adc.o ABSOLUTE
    ..\Libraries\STM32F0xx_StdPeriph_Driver\src\stm32f0xx_cec.c 0x00000000   Number         0  stm32f0xx_cec.o ABSOLUTE
    ..\Libraries\STM32F0xx_StdPeriph_Driver\src\stm32f0xx_comp.c 0x00000000   Number         0  stm32f0xx_comp.o ABSOLUTE
    ..\Libraries\STM32F0xx_StdPeriph_Driver\src\stm32f0xx_crc.c 0x00000000   Number         0  stm32f0xx_crc.o ABSOLUTE
    ..\Libraries\STM32F0xx_StdPeriph_Driver\src\stm32f0xx_dac.c 0x00000000   Number         0  stm32f0xx_dac.o ABSOLUTE
    ..\Libraries\STM32F0xx_StdPeriph_Driver\src\stm32f0xx_dbgmcu.c 0x00000000   Number         0  stm32f0xx_dbgmcu.o ABSOLUTE
    ..\Libraries\STM32F0xx_StdPeriph_Driver\src\stm32f0xx_dma.c 0x00000000   Number         0  stm32f0xx_dma.o ABSOLUTE
    ..\Libraries\STM32F0xx_StdPeriph_Driver\src\stm32f0xx_exti.c 0x00000000   Number         0  stm32f0xx_exti.o ABSOLUTE
    ..\Libraries\STM32F0xx_StdPeriph_Driver\src\stm32f0xx_flash.c 0x00000000   Number         0  stm32f0xx_flash.o ABSOLUTE
    ..\Libraries\STM32F0xx_StdPeriph_Driver\src\stm32f0xx_gpio.c 0x00000000   Number         0  stm32f0xx_gpio.o ABSOLUTE
    ..\Libraries\STM32F0xx_StdPeriph_Driver\src\stm32f0xx_i2c.c 0x00000000   Number         0  stm32f0xx_i2c.o ABSOLUTE
    ..\Libraries\STM32F0xx_StdPeriph_Driver\src\stm32f0xx_iwdg.c 0x00000000   Number         0  stm32f0xx_iwdg.o ABSOLUTE
    ..\Libraries\STM32F0xx_StdPeriph_Driver\src\stm32f0xx_misc.c 0x00000000   Number         0  stm32f0xx_misc.o ABSOLUTE
    ..\Libraries\STM32F0xx_StdPeriph_Driver\src\stm32f0xx_pwr.c 0x00000000   Number         0  stm32f0xx_pwr.o ABSOLUTE
    ..\Libraries\STM32F0xx_StdPeriph_Driver\src\stm32f0xx_rcc.c 0x00000000   Number         0  stm32f0xx_rcc.o ABSOLUTE
    ..\Libraries\STM32F0xx_StdPeriph_Driver\src\stm32f0xx_rtc.c 0x00000000   Number         0  stm32f0xx_rtc.o ABSOLUTE
    ..\Libraries\STM32F0xx_StdPeriph_Driver\src\stm32f0xx_spi.c 0x00000000   Number         0  stm32f0xx_spi.o ABSOLUTE
    ..\Libraries\STM32F0xx_StdPeriph_Driver\src\stm32f0xx_syscfg.c 0x00000000   Number         0  stm32f0xx_syscfg.o ABSOLUTE
    ..\Libraries\STM32F0xx_StdPeriph_Driver\src\stm32f0xx_tim.c 0x00000000   Number         0  stm32f0xx_tim.o ABSOLUTE
    ..\Libraries\STM32F0xx_StdPeriph_Driver\src\stm32f0xx_usart.c 0x00000000   Number         0  stm32f0xx_usart.o ABSOLUTE
    ..\Libraries\STM32F0xx_StdPeriph_Driver\src\stm32f0xx_wwdg.c 0x00000000   Number         0  stm32f0xx_wwdg.o ABSOLUTE
    ..\User\main.c                           0x00000000   Number         0  main.o ABSOLUTE
    ..\User\stm32f0xx_it.c                   0x00000000   Number         0  stm32f0xx_it.o ABSOLUTE
    ..\User\usart.c                          0x00000000   Number         0  usart.o ABSOLUTE
    ..\\Libraries\\CMSIS\\Device\\Source\\system_stm32f0xx.c 0x00000000   Number         0  system_stm32f0xx.o ABSOLUTE
    ..\\Libraries\\STM32F0xx_StdPeriph_Driver\\src\\stm32f0xx_adc.c 0x00000000   Number         0  stm32f0xx_adc.o ABSOLUTE
    ..\\Libraries\\STM32F0xx_StdPeriph_Driver\\src\\stm32f0xx_cec.c 0x00000000   Number         0  stm32f0xx_cec.o ABSOLUTE
    ..\\Libraries\\STM32F0xx_StdPeriph_Driver\\src\\stm32f0xx_comp.c 0x00000000   Number         0  stm32f0xx_comp.o ABSOLUTE
    ..\\Libraries\\STM32F0xx_StdPeriph_Driver\\src\\stm32f0xx_crc.c 0x00000000   Number         0  stm32f0xx_crc.o ABSOLUTE
    ..\\Libraries\\STM32F0xx_StdPeriph_Driver\\src\\stm32f0xx_dac.c 0x00000000   Number         0  stm32f0xx_dac.o ABSOLUTE
    ..\\Libraries\\STM32F0xx_StdPeriph_Driver\\src\\stm32f0xx_dbgmcu.c 0x00000000   Number         0  stm32f0xx_dbgmcu.o ABSOLUTE
    ..\\Libraries\\STM32F0xx_StdPeriph_Driver\\src\\stm32f0xx_dma.c 0x00000000   Number         0  stm32f0xx_dma.o ABSOLUTE
    ..\\Libraries\\STM32F0xx_StdPeriph_Driver\\src\\stm32f0xx_exti.c 0x00000000   Number         0  stm32f0xx_exti.o ABSOLUTE
    ..\\Libraries\\STM32F0xx_StdPeriph_Driver\\src\\stm32f0xx_flash.c 0x00000000   Number         0  stm32f0xx_flash.o ABSOLUTE
    ..\\Libraries\\STM32F0xx_StdPeriph_Driver\\src\\stm32f0xx_gpio.c 0x00000000   Number         0  stm32f0xx_gpio.o ABSOLUTE
    ..\\Libraries\\STM32F0xx_StdPeriph_Driver\\src\\stm32f0xx_i2c.c 0x00000000   Number         0  stm32f0xx_i2c.o ABSOLUTE
    ..\\Libraries\\STM32F0xx_StdPeriph_Driver\\src\\stm32f0xx_iwdg.c 0x00000000   Number         0  stm32f0xx_iwdg.o ABSOLUTE
    ..\\Libraries\\STM32F0xx_StdPeriph_Driver\\src\\stm32f0xx_misc.c 0x00000000   Number         0  stm32f0xx_misc.o ABSOLUTE
    ..\\Libraries\\STM32F0xx_StdPeriph_Driver\\src\\stm32f0xx_pwr.c 0x00000000   Number         0  stm32f0xx_pwr.o ABSOLUTE
    ..\\Libraries\\STM32F0xx_StdPeriph_Driver\\src\\stm32f0xx_rcc.c 0x00000000   Number         0  stm32f0xx_rcc.o ABSOLUTE
    ..\\Libraries\\STM32F0xx_StdPeriph_Driver\\src\\stm32f0xx_rtc.c 0x00000000   Number         0  stm32f0xx_rtc.o ABSOLUTE
    ..\\Libraries\\STM32F0xx_StdPeriph_Driver\\src\\stm32f0xx_spi.c 0x00000000   Number         0  stm32f0xx_spi.o ABSOLUTE
    ..\\Libraries\\STM32F0xx_StdPeriph_Driver\\src\\stm32f0xx_syscfg.c 0x00000000   Number         0  stm32f0xx_syscfg.o ABSOLUTE
    ..\\Libraries\\STM32F0xx_StdPeriph_Driver\\src\\stm32f0xx_tim.c 0x00000000   Number         0  stm32f0xx_tim.o ABSOLUTE
    ..\\Libraries\\STM32F0xx_StdPeriph_Driver\\src\\stm32f0xx_usart.c 0x00000000   Number         0  stm32f0xx_usart.o ABSOLUTE
    ..\\Libraries\\STM32F0xx_StdPeriph_Driver\\src\\stm32f0xx_wwdg.c 0x00000000   Number         0  stm32f0xx_wwdg.o ABSOLUTE
    ..\\User\\main.c                         0x00000000   Number         0  main.o ABSOLUTE
    ..\\User\\stm32f0xx_it.c                 0x00000000   Number         0  stm32f0xx_it.o ABSOLUTE
    ..\\User\\usart.c                        0x00000000   Number         0  usart.o ABSOLUTE
    cdrcmple.s                               0x00000000   Number         0  cdrcmple.o ABSOLUTE
    dc.s                                     0x00000000   Number         0  dc.o ABSOLUTE
    handlers.s                               0x00000000   Number         0  handlers.o ABSOLUTE
    init.s                                   0x00000000   Number         0  init.o ABSOLUTE
    RESET                                    0x08000000   Section      192  startup_stm32f0xx.o(RESET)
    .ARM.Collect$$$$00000000                 0x080000c0   Section        0  entry.o(.ARM.Collect$$$$00000000)
    .ARM.Collect$$$$00000001                 0x080000c0   Section        4  entry2.o(.ARM.Collect$$$$00000001)
    .ARM.Collect$$$$00000004                 0x080000c4   Section        4  entry5.o(.ARM.Collect$$$$00000004)
    .ARM.Collect$$$$00000008                 0x080000c8   Section        0  entry7b.o(.ARM.Collect$$$$00000008)
    .ARM.Collect$$$$0000000A                 0x080000c8   Section        0  entry8b.o(.ARM.Collect$$$$0000000A)
    .ARM.Collect$$$$0000000B                 0x080000c8   Section        8  entry9a.o(.ARM.Collect$$$$0000000B)
    .ARM.Collect$$$$0000000D                 0x080000d0   Section        0  entry10a.o(.ARM.Collect$$$$0000000D)
    .ARM.Collect$$$$0000000F                 0x080000d0   Section        0  entry11a.o(.ARM.Collect$$$$0000000F)
    .ARM.Collect$$$$00002712                 0x080000d0   Section        4  entry2.o(.ARM.Collect$$$$00002712)
    __lit__00000000                          0x080000d0   Data           4  entry2.o(.ARM.Collect$$$$00002712)
    .text                                    0x080000d4   Section        0  main.o(.text)
    NVIC_SetPriority                         0x08000309   Thumb Code   110  main.o(.text)
    .text                                    0x080003dc   Section        0  stm32f0xx_it.o(.text)
    .text                                    0x080003f0   Section        0  usart.o(.text)
    .text                                    0x080004bc   Section        0  system_stm32f0xx.o(.text)
    SetSysClock                              0x080004bd   Thumb Code   202  system_stm32f0xx.o(.text)
    .text                                    0x080006b0   Section        0  stm32f0xx_gpio.o(.text)
    .text                                    0x0800089c   Section        0  stm32f0xx_usart.o(.text)
    .text                                    0x08000de4   Section        0  stm32f0xx_adc.o(.text)
    .text                                    0x080010c4   Section        0  stm32f0xx_dma.o(.text)
    .text                                    0x08001230   Section        0  stm32f0xx_misc.o(.text)
    .text                                    0x080012e4   Section        0  stm32f0xx_rcc.o(.text)
    .text                                    0x080018d8   Section       28  startup_stm32f0xx.o(.text)
    .text                                    0x080018f4   Section        0  uidiv.o(.text)
    .text                                    0x08001920   Section        0  dmul.o(.text)
    .text                                    0x080019f0   Section        0  ddiv.o(.text)
    .text                                    0x08001ae0   Section        0  ffltui.o(.text)
    .text                                    0x08001aee   Section        0  f2d.o(.text)
    .text                                    0x08001b16   Section        0  uldiv.o(.text)
    .text                                    0x08001b76   Section        0  iusefp.o(.text)
    .text                                    0x08001b76   Section        0  fepilogue.o(.text)
    .text                                    0x08001bfa   Section        0  depilogue.o(.text)
    .text                                    0x08001cbc   Section        0  dadd.o(.text)
    .text                                    0x08001e20   Section        0  dfixul.o(.text)
    .text                                    0x08001e60   Section       40  cdrcmple.o(.text)
    .text                                    0x08001e88   Section       36  init.o(.text)
    .text                                    0x08001eac   Section        0  llshl.o(.text)
    .text                                    0x08001ecc   Section        0  llushr.o(.text)
    .text                                    0x08001eee   Section        0  llsshr.o(.text)
    i.__0printf                              0x08001f14   Section        0  printfa.o(i.__0printf)
    i.__ARM_clz                              0x08001f34   Section        0  depilogue.o(i.__ARM_clz)
    i.__scatterload_copy                     0x08001f62   Section       14  handlers.o(i.__scatterload_copy)
    i.__scatterload_null                     0x08001f70   Section        2  handlers.o(i.__scatterload_null)
    i.__scatterload_zeroinit                 0x08001f72   Section       14  handlers.o(i.__scatterload_zeroinit)
    i._fp_digits                             0x08001f80   Section        0  printfa.o(i._fp_digits)
    _fp_digits                               0x08001f81   Thumb Code   314  printfa.o(i._fp_digits)
    i._printf_core                           0x080020d8   Section        0  printfa.o(i._printf_core)
    _printf_core                             0x080020d9   Thumb Code  1766  printfa.o(i._printf_core)
    i._printf_post_padding                   0x080027d0   Section        0  printfa.o(i._printf_post_padding)
    _printf_post_padding                     0x080027d1   Thumb Code    32  printfa.o(i._printf_post_padding)
    i._printf_pre_padding                    0x080027f0   Section        0  printfa.o(i._printf_pre_padding)
    _printf_pre_padding                      0x080027f1   Thumb Code    44  printfa.o(i._printf_pre_padding)
    .data                                    0x20000000   Section       24  main.o(.data)
    TimingDelay                              0x20000014   Data           4  main.o(.data)
    .data                                    0x20000018   Section       20  system_stm32f0xx.o(.data)
    .data                                    0x2000002c   Section       16  stm32f0xx_rcc.o(.data)
    APBAHBPrescTable                         0x2000002c   Data          16  stm32f0xx_rcc.o(.data)
    .data                                    0x2000003c   Section        4  stdout.o(.data)
    .bss                                     0x20000040   Section       10  main.o(.bss)
    STACK                                    0x20000050   Section     1024  startup_stm32f0xx.o(STACK)

    Global Symbols

    Symbol Name                              Value     Ov Type        Size  Object(Section)

    BuildAttributes$$THM_ISAv3M$S$PE$A:L22$X:L11$S22$IEEE1$IW$USESV6$~STKCKD$USESV7$~SHL$OTIME$ROPI$EBA8$MICROLIB$REQ8$PRES8$EABIv2 0x00000000   Number         0  anon$$obj.o ABSOLUTE
    __ARM_use_no_argv                        0x00000000   Number         0  main.o ABSOLUTE
    _printf_a                                0x00000000   Number         0  stubs.o ABSOLUTE
    _printf_c                                0x00000000   Number         0  stubs.o ABSOLUTE
    _printf_charcount                        0x00000000   Number         0  stubs.o ABSOLUTE
    _printf_d                                0x00000000   Number         0  stubs.o ABSOLUTE
    _printf_e                                0x00000000   Number         0  stubs.o ABSOLUTE
    _printf_f                                0x00000000   Number         0  stubs.o ABSOLUTE
    _printf_flags                            0x00000000   Number         0  stubs.o ABSOLUTE
    _printf_fp_dec                           0x00000000   Number         0  stubs.o ABSOLUTE
    _printf_fp_hex                           0x00000000   Number         0  stubs.o ABSOLUTE
    _printf_g                                0x00000000   Number         0  stubs.o ABSOLUTE
    _printf_i                                0x00000000   Number         0  stubs.o ABSOLUTE
    _printf_int_dec                          0x00000000   Number         0  stubs.o ABSOLUTE
    _printf_l                                0x00000000   Number         0  stubs.o ABSOLUTE
    _printf_lc                               0x00000000   Number         0  stubs.o ABSOLUTE
    _printf_ll                               0x00000000   Number         0  stubs.o ABSOLUTE
    _printf_lld                              0x00000000   Number         0  stubs.o ABSOLUTE
    _printf_lli                              0x00000000   Number         0  stubs.o ABSOLUTE
    _printf_llo                              0x00000000   Number         0  stubs.o ABSOLUTE
    _printf_llu                              0x00000000   Number         0  stubs.o ABSOLUTE
    _printf_llx                              0x00000000   Number         0  stubs.o ABSOLUTE
    _printf_longlong_dec                     0x00000000   Number         0  stubs.o ABSOLUTE
    _printf_longlong_hex                     0x00000000   Number         0  stubs.o ABSOLUTE
    _printf_longlong_oct                     0x00000000   Number         0  stubs.o ABSOLUTE
    _printf_ls                               0x00000000   Number         0  stubs.o ABSOLUTE
    _printf_mbtowc                           0x00000000   Number         0  stubs.o ABSOLUTE
    _printf_n                                0x00000000   Number         0  stubs.o ABSOLUTE
    _printf_o                                0x00000000   Number         0  stubs.o ABSOLUTE
    _printf_p                                0x00000000   Number         0  stubs.o ABSOLUTE
    _printf_percent                          0x00000000   Number         0  stubs.o ABSOLUTE
    _printf_pre_padding                      0x00000000   Number         0  stubs.o ABSOLUTE
    _printf_return_value                     0x00000000   Number         0  stubs.o ABSOLUTE
    _printf_s                                0x00000000   Number         0  stubs.o ABSOLUTE
    _printf_sizespec                         0x00000000   Number         0  stubs.o ABSOLUTE
    _printf_str                              0x00000000   Number         0  stubs.o ABSOLUTE
    _printf_truncate_signed                  0x00000000   Number         0  stubs.o ABSOLUTE
    _printf_truncate_unsigned                0x00000000   Number         0  stubs.o ABSOLUTE
    _printf_u                                0x00000000   Number         0  stubs.o ABSOLUTE
    _printf_wc                               0x00000000   Number         0  stubs.o ABSOLUTE
    _printf_wctomb                           0x00000000   Number         0  stubs.o ABSOLUTE
    _printf_widthprec                        0x00000000   Number         0  stubs.o ABSOLUTE
    _printf_x                                0x00000000   Number         0  stubs.o ABSOLUTE
    __cpp_initialize__aeabi_                  - Undefined Weak Reference
    __cxa_finalize                            - Undefined Weak Reference
    __decompress                              - Undefined Weak Reference
    _clock_init                               - Undefined Weak Reference
    _microlib_exit                            - Undefined Weak Reference
    __Vectors_Size                           0x000000c0   Number         0  startup_stm32f0xx.o ABSOLUTE
    __Vectors                                0x08000000   Data           4  startup_stm32f0xx.o(RESET)
    __Vectors_End                            0x080000c0   Data           0  startup_stm32f0xx.o(RESET)
    __main                                   0x080000c1   Thumb Code     0  entry.o(.ARM.Collect$$$$00000000)
    _main_stk                                0x080000c1   Thumb Code     0  entry2.o(.ARM.Collect$$$$00000001)
    _main_scatterload                        0x080000c5   Thumb Code     0  entry5.o(.ARM.Collect$$$$00000004)
    __main_after_scatterload                 0x080000c9   Thumb Code     0  entry5.o(.ARM.Collect$$$$00000004)
    _main_clock                              0x080000c9   Thumb Code     0  entry7b.o(.ARM.Collect$$$$00000008)
    _main_cpp_init                           0x080000c9   Thumb Code     0  entry8b.o(.ARM.Collect$$$$0000000A)
    _main_init                               0x080000c9   Thumb Code     0  entry9a.o(.ARM.Collect$$$$0000000B)
    __rt_final_cpp                           0x080000d1   Thumb Code     0  entry10a.o(.ARM.Collect$$$$0000000D)
    __rt_final_exit                          0x080000d1   Thumb Code     0  entry11a.o(.ARM.Collect$$$$0000000F)
    Delay                                    0x080000d5   Thumb Code    16  main.o(.text)
    DMA_Config                               0x080000e5   Thumb Code    82  main.o(.text)
    ADC1_Config                              0x08000137   Thumb Code   236  main.o(.text)
    main                                     0x08000223   Thumb Code   210  main.o(.text)
    TimingDelay_Decrement                    0x080002f5   Thumb Code    20  main.o(.text)
    NMI_Handler                              0x080003dd   Thumb Code     2  stm32f0xx_it.o(.text)
    HardFault_Handler                        0x080003df   Thumb Code     4  stm32f0xx_it.o(.text)
    SVC_Handler                              0x080003e3   Thumb Code     2  stm32f0xx_it.o(.text)
    PendSV_Handler                           0x080003e5   Thumb Code     2  stm32f0xx_it.o(.text)
    SysTick_Handler                          0x080003e7   Thumb Code     8  stm32f0xx_it.o(.text)
    fputc                                    0x080003f1   Thumb Code    32  usart.o(.text)
    USART_Configuration                      0x08000411   Thumb Code   142  usart.o(.text)
    NVIC_USART_Config                        0x0800049f   Thumb Code    22  usart.o(.text)
    SystemInit                               0x08000587   Thumb Code   110  system_stm32f0xx.o(.text)
    SystemCoreClockUpdate                    0x080005f5   Thumb Code   154  system_stm32f0xx.o(.text)
    GPIO_DeInit                              0x080006b1   Thumb Code   132  stm32f0xx_gpio.o(.text)
    GPIO_Init                                0x08000735   Thumb Code   144  stm32f0xx_gpio.o(.text)
    GPIO_StructInit                          0x080007c5   Thumb Code    20  stm32f0xx_gpio.o(.text)
    GPIO_PinLockConfig                       0x080007d9   Thumb Code    34  stm32f0xx_gpio.o(.text)
    GPIO_ReadInputDataBit                    0x080007fb   Thumb Code    18  stm32f0xx_gpio.o(.text)
    GPIO_ReadInputData                       0x0800080d   Thumb Code     6  stm32f0xx_gpio.o(.text)
    GPIO_ReadOutputDataBit                   0x08000813   Thumb Code    18  stm32f0xx_gpio.o(.text)
    GPIO_ReadOutputData                      0x08000825   Thumb Code     6  stm32f0xx_gpio.o(.text)
    GPIO_SetBits                             0x0800082b   Thumb Code     4  stm32f0xx_gpio.o(.text)
    GPIO_ResetBits                           0x0800082f   Thumb Code     4  stm32f0xx_gpio.o(.text)
    GPIO_WriteBit                            0x08000833   Thumb Code    12  stm32f0xx_gpio.o(.text)
    GPIO_Write                               0x0800083f   Thumb Code     4  stm32f0xx_gpio.o(.text)
    GPIO_PinAFConfig                         0x08000843   Thumb Code    68  stm32f0xx_gpio.o(.text)
    USART_DeInit                             0x0800089d   Thumb Code    56  stm32f0xx_usart.o(.text)
    USART_Init                               0x080008d5   Thumb Code   198  stm32f0xx_usart.o(.text)
    USART_StructInit                         0x0800099b   Thumb Code    24  stm32f0xx_usart.o(.text)
    USART_ClockInit                          0x080009b3   Thumb Code    36  stm32f0xx_usart.o(.text)
    USART_ClockStructInit                    0x080009d7   Thumb Code    12  stm32f0xx_usart.o(.text)
    USART_Cmd                                0x080009e3   Thumb Code    24  stm32f0xx_usart.o(.text)
    USART_DirectionModeCmd                   0x080009fb   Thumb Code    20  stm32f0xx_usart.o(.text)
    USART_OverSampling8Cmd                   0x08000a0f   Thumb Code    28  stm32f0xx_usart.o(.text)
    USART_OneBitMethodCmd                    0x08000a2b   Thumb Code    28  stm32f0xx_usart.o(.text)
    USART_MSBFirstCmd                        0x08000a47   Thumb Code    28  stm32f0xx_usart.o(.text)
    USART_DataInvCmd                         0x08000a63   Thumb Code    28  stm32f0xx_usart.o(.text)
    USART_InvPinCmd                          0x08000a7f   Thumb Code    20  stm32f0xx_usart.o(.text)
    USART_SWAPPinCmd                         0x08000a93   Thumb Code    28  stm32f0xx_usart.o(.text)
    USART_ReceiverTimeOutCmd                 0x08000aaf   Thumb Code    28  stm32f0xx_usart.o(.text)
    USART_SetReceiverTimeOut                 0x08000acb   Thumb Code    16  stm32f0xx_usart.o(.text)
    USART_SetPrescaler                       0x08000adb   Thumb Code    18  stm32f0xx_usart.o(.text)
    USART_STOPModeCmd                        0x08000aed   Thumb Code    24  stm32f0xx_usart.o(.text)
    USART_StopModeWakeUpSourceConfig         0x08000b05   Thumb Code    18  stm32f0xx_usart.o(.text)
    USART_AutoBaudRateCmd                    0x08000b17   Thumb Code    28  stm32f0xx_usart.o(.text)
    USART_AutoBaudRateConfig                 0x08000b33   Thumb Code    18  stm32f0xx_usart.o(.text)
    USART_SendData                           0x08000b45   Thumb Code     8  stm32f0xx_usart.o(.text)
    USART_ReceiveData                        0x08000b4d   Thumb Code    10  stm32f0xx_usart.o(.text)
    USART_SetAddress                         0x08000b57   Thumb Code    18  stm32f0xx_usart.o(.text)
    USART_MuteModeCmd                        0x08000b69   Thumb Code    28  stm32f0xx_usart.o(.text)
    USART_MuteModeWakeUpConfig               0x08000b85   Thumb Code    18  stm32f0xx_usart.o(.text)
    USART_AddressDetectionConfig             0x08000b97   Thumb Code    16  stm32f0xx_usart.o(.text)
    USART_LINBreakDetectLengthConfig         0x08000ba7   Thumb Code    16  stm32f0xx_usart.o(.text)
    USART_LINCmd                             0x08000bb7   Thumb Code    28  stm32f0xx_usart.o(.text)
    USART_HalfDuplexCmd                      0x08000bd3   Thumb Code    24  stm32f0xx_usart.o(.text)
    USART_SetGuardTime                       0x08000beb   Thumb Code    16  stm32f0xx_usart.o(.text)
    USART_SmartCardCmd                       0x08000bfb   Thumb Code    24  stm32f0xx_usart.o(.text)
    USART_SmartCardNACKCmd                   0x08000c13   Thumb Code    24  stm32f0xx_usart.o(.text)
    USART_SetAutoRetryCount                  0x08000c2b   Thumb Code    20  stm32f0xx_usart.o(.text)
    USART_SetBlockLength                     0x08000c3f   Thumb Code    18  stm32f0xx_usart.o(.text)
    USART_IrDAConfig                         0x08000c51   Thumb Code    16  stm32f0xx_usart.o(.text)
    USART_IrDACmd                            0x08000c61   Thumb Code    24  stm32f0xx_usart.o(.text)
    USART_DECmd                              0x08000c79   Thumb Code    44  stm32f0xx_usart.o(.text)
    USART_DEPolarityConfig                   0x08000ca5   Thumb Code    18  stm32f0xx_usart.o(.text)
    USART_SetDEAssertionTime                 0x08000cb7   Thumb Code    20  stm32f0xx_usart.o(.text)
    USART_SetDEDeassertionTime               0x08000ccb   Thumb Code    20  stm32f0xx_usart.o(.text)
    USART_DMACmd                             0x08000cdf   Thumb Code    20  stm32f0xx_usart.o(.text)
    USART_DMAReceptionErrorConfig            0x08000cf3   Thumb Code    18  stm32f0xx_usart.o(.text)
    USART_ITConfig                           0x08000d05   Thumb Code    66  stm32f0xx_usart.o(.text)
    USART_RequestCmd                         0x08000d47   Thumb Code    20  stm32f0xx_usart.o(.text)
    USART_OverrunDetectionConfig             0x08000d5b   Thumb Code    18  stm32f0xx_usart.o(.text)
    USART_GetFlagStatus                      0x08000d6d   Thumb Code    18  stm32f0xx_usart.o(.text)
    USART_ClearFlag                          0x08000d7f   Thumb Code     4  stm32f0xx_usart.o(.text)
    USART_GetITStatus                        0x08000d83   Thumb Code    78  stm32f0xx_usart.o(.text)
    USART_ClearITPendingBit                  0x08000dd1   Thumb Code    18  stm32f0xx_usart.o(.text)
    ADC_DeInit                               0x08000de5   Thumb Code    28  stm32f0xx_adc.o(.text)
    ADC_Init                                 0x08000e01   Thumb Code    40  stm32f0xx_adc.o(.text)
    ADC_StructInit                           0x08000e29   Thumb Code    16  stm32f0xx_adc.o(.text)
    ADC_Cmd                                  0x08000e39   Thumb Code    24  stm32f0xx_adc.o(.text)
    ADC_JitterCmd                            0x08000e51   Thumb Code    20  stm32f0xx_adc.o(.text)
    ADC_AutoPowerOffCmd                      0x08000e65   Thumb Code    28  stm32f0xx_adc.o(.text)
    ADC_WaitModeCmd                          0x08000e81   Thumb Code    28  stm32f0xx_adc.o(.text)
    ADC_AnalogWatchdogCmd                    0x08000e9d   Thumb Code    28  stm32f0xx_adc.o(.text)
    ADC_AnalogWatchdogThresholdsConfig       0x08000eb9   Thumb Code     8  stm32f0xx_adc.o(.text)
    ADC_AnalogWatchdogSingleChannelConfig    0x08000ec1   Thumb Code    28  stm32f0xx_adc.o(.text)
    ADC_AnalogWatchdogSingleChannelCmd       0x08000edd   Thumb Code    28  stm32f0xx_adc.o(.text)
    ADC_TempSensorCmd                        0x08000ef9   Thumb Code    36  stm32f0xx_adc.o(.text)
    ADC_VrefintCmd                           0x08000f1d   Thumb Code    36  stm32f0xx_adc.o(.text)
    ADC_VbatCmd                              0x08000f41   Thumb Code    36  stm32f0xx_adc.o(.text)
    ADC_ChannelConfig                        0x08000f65   Thumb Code    24  stm32f0xx_adc.o(.text)
    ADC_ContinuousModeCmd                    0x08000f7d   Thumb Code    28  stm32f0xx_adc.o(.text)
    ADC_DiscModeCmd                          0x08000f99   Thumb Code    28  stm32f0xx_adc.o(.text)
    ADC_OverrunModeCmd                       0x08000fb5   Thumb Code    28  stm32f0xx_adc.o(.text)
    ADC_GetCalibrationFactor                 0x08000fd1   Thumb Code    58  stm32f0xx_adc.o(.text)
    ADC_StopOfConversion                     0x0800100b   Thumb Code    10  stm32f0xx_adc.o(.text)
    ADC_StartOfConversion                    0x08001015   Thumb Code    10  stm32f0xx_adc.o(.text)
    ADC_GetConversionValue                   0x0800101f   Thumb Code     8  stm32f0xx_adc.o(.text)
    ADC_DMACmd                               0x08001027   Thumb Code    24  stm32f0xx_adc.o(.text)
    ADC_DMARequestModeConfig                 0x0800103f   Thumb Code    16  stm32f0xx_adc.o(.text)
    ADC_ITConfig                             0x0800104f   Thumb Code    20  stm32f0xx_adc.o(.text)
    ADC_GetFlagStatus                        0x08001063   Thumb Code    44  stm32f0xx_adc.o(.text)
    ADC_ClearFlag                            0x0800108f   Thumb Code     4  stm32f0xx_adc.o(.text)
    ADC_GetITStatus                          0x08001093   Thumb Code    32  stm32f0xx_adc.o(.text)
    ADC_ClearITPendingBit                    0x080010b3   Thumb Code     4  stm32f0xx_adc.o(.text)
    DMA_DeInit                               0x080010c5   Thumb Code   152  stm32f0xx_dma.o(.text)
    DMA_Init                                 0x0800115d   Thumb Code    58  stm32f0xx_dma.o(.text)
    DMA_StructInit                           0x08001197   Thumb Code    26  stm32f0xx_dma.o(.text)
    DMA_Cmd                                  0x080011b1   Thumb Code    24  stm32f0xx_dma.o(.text)
    DMA_SetCurrDataCounter                   0x080011c9   Thumb Code     4  stm32f0xx_dma.o(.text)
    DMA_GetCurrDataCounter                   0x080011cd   Thumb Code     8  stm32f0xx_dma.o(.text)
    DMA_ITConfig                             0x080011d5   Thumb Code    20  stm32f0xx_dma.o(.text)
    DMA_GetFlagStatus                        0x080011e9   Thumb Code    22  stm32f0xx_dma.o(.text)
    DMA_ClearFlag                            0x080011ff   Thumb Code     8  stm32f0xx_dma.o(.text)
    DMA_GetITStatus                          0x08001207   Thumb Code    22  stm32f0xx_dma.o(.text)
    DMA_ClearITPendingBit                    0x0800121d   Thumb Code     8  stm32f0xx_dma.o(.text)
    NVIC_Init                                0x08001231   Thumb Code   106  stm32f0xx_misc.o(.text)
    NVIC_SystemLPConfig                      0x0800129b   Thumb Code    28  stm32f0xx_misc.o(.text)
    SysTick_CLKSourceConfig                  0x080012b7   Thumb Code    32  stm32f0xx_misc.o(.text)
    RCC_DeInit                               0x080012e5   Thumb Code   104  stm32f0xx_rcc.o(.text)
    RCC_HSEConfig                            0x0800134d   Thumb Code    12  stm32f0xx_rcc.o(.text)
    RCC_GetFlagStatus                        0x08001359   Thumb Code    66  stm32f0xx_rcc.o(.text)
    RCC_WaitForHSEStartUp                    0x0800139b   Thumb Code    60  stm32f0xx_rcc.o(.text)
    RCC_AdjustHSICalibrationValue            0x080013d7   Thumb Code    26  stm32f0xx_rcc.o(.text)
    RCC_HSICmd                               0x080013f1   Thumb Code    32  stm32f0xx_rcc.o(.text)
    RCC_AdjustHSI14CalibrationValue          0x08001411   Thumb Code    26  stm32f0xx_rcc.o(.text)
    RCC_HSI14Cmd                             0x0800142b   Thumb Code    32  stm32f0xx_rcc.o(.text)
    RCC_HSI14ADCRequestCmd                   0x0800144b   Thumb Code    32  stm32f0xx_rcc.o(.text)
    RCC_LSEConfig                            0x0800146b   Thumb Code    34  stm32f0xx_rcc.o(.text)
    RCC_LSEDriveConfig                       0x0800148d   Thumb Code    22  stm32f0xx_rcc.o(.text)
    RCC_LSICmd                               0x080014a3   Thumb Code    32  stm32f0xx_rcc.o(.text)
    RCC_PLLConfig                            0x080014c3   Thumb Code    30  stm32f0xx_rcc.o(.text)
    RCC_PLLCmd                               0x080014e1   Thumb Code    36  stm32f0xx_rcc.o(.text)
    RCC_PREDIV1Config                        0x08001505   Thumb Code    24  stm32f0xx_rcc.o(.text)
    RCC_ClockSecuritySystemCmd               0x0800151d   Thumb Code    36  stm32f0xx_rcc.o(.text)
    RCC_MCOConfig                            0x08001541   Thumb Code     6  stm32f0xx_rcc.o(.text)
    RCC_SYSCLKConfig                         0x08001547   Thumb Code    24  stm32f0xx_rcc.o(.text)
    RCC_GetSYSCLKSource                      0x0800155f   Thumb Code    10  stm32f0xx_rcc.o(.text)
    RCC_HCLKConfig                           0x08001569   Thumb Code    28  stm32f0xx_rcc.o(.text)
    RCC_PCLKConfig                           0x08001585   Thumb Code    30  stm32f0xx_rcc.o(.text)
    RCC_ADCCLKConfig                         0x080015a3   Thumb Code    52  stm32f0xx_rcc.o(.text)
    RCC_CECCLKConfig                         0x080015d7   Thumb Code    22  stm32f0xx_rcc.o(.text)
    RCC_I2CCLKConfig                         0x080015ed   Thumb Code    22  stm32f0xx_rcc.o(.text)
    RCC_USARTCLKConfig                       0x08001603   Thumb Code    22  stm32f0xx_rcc.o(.text)
    RCC_GetClocksFreq                        0x08001619   Thumb Code   368  stm32f0xx_rcc.o(.text)
    RCC_RTCCLKConfig                         0x08001789   Thumb Code    12  stm32f0xx_rcc.o(.text)
    RCC_RTCCLKCmd                            0x08001795   Thumb Code    36  stm32f0xx_rcc.o(.text)
    RCC_BackupResetCmd                       0x080017b9   Thumb Code    36  stm32f0xx_rcc.o(.text)
    RCC_AHBPeriphClockCmd                    0x080017dd   Thumb Code    28  stm32f0xx_rcc.o(.text)
    RCC_APB2PeriphClockCmd                   0x080017f9   Thumb Code    28  stm32f0xx_rcc.o(.text)
    RCC_APB1PeriphClockCmd                   0x08001815   Thumb Code    28  stm32f0xx_rcc.o(.text)
    RCC_AHBPeriphResetCmd                    0x08001831   Thumb Code    28  stm32f0xx_rcc.o(.text)
    RCC_APB2PeriphResetCmd                   0x0800184d   Thumb Code    28  stm32f0xx_rcc.o(.text)
    RCC_APB1PeriphResetCmd                   0x08001869   Thumb Code    28  stm32f0xx_rcc.o(.text)
    RCC_ITConfig                             0x08001885   Thumb Code    28  stm32f0xx_rcc.o(.text)
    RCC_ClearFlag                            0x080018a1   Thumb Code    16  stm32f0xx_rcc.o(.text)
    RCC_GetITStatus                          0x080018b1   Thumb Code    20  stm32f0xx_rcc.o(.text)
    RCC_ClearITPendingBit                    0x080018c5   Thumb Code     6  stm32f0xx_rcc.o(.text)
    Reset_Handler                            0x080018d9   Thumb Code     8  startup_stm32f0xx.o(.text)
    ADC1_COMP_IRQHandler                     0x080018eb   Thumb Code     0  startup_stm32f0xx.o(.text)
    CEC_IRQHandler                           0x080018eb   Thumb Code     0  startup_stm32f0xx.o(.text)
    DMA1_Channel1_IRQHandler                 0x080018eb   Thumb Code     0  startup_stm32f0xx.o(.text)
    DMA1_Channel2_3_IRQHandler               0x080018eb   Thumb Code     0  startup_stm32f0xx.o(.text)
    DMA1_Channel4_5_IRQHandler               0x080018eb   Thumb Code     0  startup_stm32f0xx.o(.text)
    EXTI0_1_IRQHandler                       0x080018eb   Thumb Code     0  startup_stm32f0xx.o(.text)
    EXTI2_3_IRQHandler                       0x080018eb   Thumb Code     0  startup_stm32f0xx.o(.text)
    EXTI4_15_IRQHandler                      0x080018eb   Thumb Code     0  startup_stm32f0xx.o(.text)
    FLASH_IRQHandler                         0x080018eb   Thumb Code     0  startup_stm32f0xx.o(.text)
    I2C1_IRQHandler                          0x080018eb   Thumb Code     0  startup_stm32f0xx.o(.text)
    I2C2_IRQHandler                          0x080018eb   Thumb Code     0  startup_stm32f0xx.o(.text)
    PVD_IRQHandler                           0x080018eb   Thumb Code     0  startup_stm32f0xx.o(.text)
    RCC_IRQHandler                           0x080018eb   Thumb Code     0  startup_stm32f0xx.o(.text)
    RTC_IRQHandler                           0x080018eb   Thumb Code     0  startup_stm32f0xx.o(.text)
    SPI1_IRQHandler                          0x080018eb   Thumb Code     0  startup_stm32f0xx.o(.text)
    SPI2_IRQHandler                          0x080018eb   Thumb Code     0  startup_stm32f0xx.o(.text)
    TIM14_IRQHandler                         0x080018eb   Thumb Code     0  startup_stm32f0xx.o(.text)
    TIM15_IRQHandler                         0x080018eb   Thumb Code     0  startup_stm32f0xx.o(.text)
    TIM16_IRQHandler                         0x080018eb   Thumb Code     0  startup_stm32f0xx.o(.text)
    TIM17_IRQHandler                         0x080018eb   Thumb Code     0  startup_stm32f0xx.o(.text)
    TIM1_BRK_UP_TRG_COM_IRQHandler           0x080018eb   Thumb Code     0  startup_stm32f0xx.o(.text)
    TIM1_CC_IRQHandler                       0x080018eb   Thumb Code     0  startup_stm32f0xx.o(.text)
    TIM2_IRQHandler                          0x080018eb   Thumb Code     0  startup_stm32f0xx.o(.text)
    TIM3_IRQHandler                          0x080018eb   Thumb Code     0  startup_stm32f0xx.o(.text)
    TIM6_DAC_IRQHandler                      0x080018eb   Thumb Code     0  startup_stm32f0xx.o(.text)
    TS_IRQHandler                            0x080018eb   Thumb Code     0  startup_stm32f0xx.o(.text)
    USART1_IRQHandler                        0x080018eb   Thumb Code     0  startup_stm32f0xx.o(.text)
    USART2_IRQHandler                        0x080018eb   Thumb Code     0  startup_stm32f0xx.o(.text)
    WWDG_IRQHandler                          0x080018eb   Thumb Code     0  startup_stm32f0xx.o(.text)
    __aeabi_uidiv                            0x080018f5   Thumb Code     0  uidiv.o(.text)
    __aeabi_uidivmod                         0x080018f5   Thumb Code    44  uidiv.o(.text)
    __aeabi_dmul                             0x08001921   Thumb Code   202  dmul.o(.text)
    __aeabi_ddiv                             0x080019f1   Thumb Code   234  ddiv.o(.text)
    __aeabi_ui2f                             0x08001ae1   Thumb Code    14  ffltui.o(.text)
    __aeabi_f2d                              0x08001aef   Thumb Code    40  f2d.o(.text)
    __aeabi_uldivmod                         0x08001b17   Thumb Code    96  uldiv.o(.text)
    __I$use$fp                               0x08001b77   Thumb Code     0  iusefp.o(.text)
    _float_round                             0x08001b77   Thumb Code    16  fepilogue.o(.text)
    _float_epilogue                          0x08001b87   Thumb Code   116  fepilogue.o(.text)
    _double_round                            0x08001bfb   Thumb Code    26  depilogue.o(.text)
    _double_epilogue                         0x08001c15   Thumb Code   166  depilogue.o(.text)
    __aeabi_dadd                             0x08001cbd   Thumb Code   326  dadd.o(.text)
    __aeabi_dsub                             0x08001e03   Thumb Code    12  dadd.o(.text)
    __aeabi_drsub                            0x08001e0f   Thumb Code    12  dadd.o(.text)
    __aeabi_d2ulz                            0x08001e21   Thumb Code    54  dfixul.o(.text)
    __aeabi_cdrcmple                         0x08001e61   Thumb Code    38  cdrcmple.o(.text)
    __scatterload                            0x08001e89   Thumb Code    28  init.o(.text)
    __scatterload_rt2                        0x08001e89   Thumb Code     0  init.o(.text)
    __aeabi_llsl                             0x08001ead   Thumb Code    32  llshl.o(.text)
    _ll_shift_l                              0x08001ead   Thumb Code     0  llshl.o(.text)
    __aeabi_llsr                             0x08001ecd   Thumb Code    34  llushr.o(.text)
    _ll_ushift_r                             0x08001ecd   Thumb Code     0  llushr.o(.text)
    __aeabi_lasr                             0x08001eef   Thumb Code    38  llsshr.o(.text)
    _ll_sshift_r                             0x08001eef   Thumb Code     0  llsshr.o(.text)
    __0printf                                0x08001f15   Thumb Code    24  printfa.o(i.__0printf)
    __1printf                                0x08001f15   Thumb Code     0  printfa.o(i.__0printf)
    __2printf                                0x08001f15   Thumb Code     0  printfa.o(i.__0printf)
    __c89printf                              0x08001f15   Thumb Code     0  printfa.o(i.__0printf)
    printf                                   0x08001f15   Thumb Code     0  printfa.o(i.__0printf)
    __ARM_clz                                0x08001f35   Thumb Code    46  depilogue.o(i.__ARM_clz)
    __scatterload_copy                       0x08001f63   Thumb Code    14  handlers.o(i.__scatterload_copy)
    __scatterload_null                       0x08001f71   Thumb Code     2  handlers.o(i.__scatterload_null)
    __scatterload_zeroinit                   0x08001f73   Thumb Code    14  handlers.o(i.__scatterload_zeroinit)
    Region$$Table$$Base                      0x0800281c   Number         0  anon$$obj.o(Region$$Table)
    Region$$Table$$Limit                     0x0800283c   Number         0  anon$$obj.o(Region$$Table)
    AD1                                      0x20000000   Data           4  main.o(.data)
    AD2                                      0x20000004   Data           4  main.o(.data)
    AD3                                      0x20000008   Data           4  main.o(.data)
    AD4                                      0x2000000c   Data           4  main.o(.data)
    AD5                                      0x20000010   Data           4  main.o(.data)
    SystemCoreClock                          0x20000018   Data           4  system_stm32f0xx.o(.data)
    AHBPrescTable                            0x2000001c   Data          16  system_stm32f0xx.o(.data)
    __stdout                                 0x2000003c   Data           4  stdout.o(.data)
    RegularConvData_Tab                      0x20000040   Data          10  main.o(.bss)
    __initial_sp                             0x20000450   Data           0  startup_stm32f0xx.o(STACK)



==============================================================================

Memory Map of the image

  Image Entry point : 0x080000c1

  Load Region LR_IROM1 (Base: 0x08000000, Size: 0x0000287c, Max: 0x00010000, ABSOLUTE)

    Execution Region ER_IROM1 (Base: 0x08000000, Size: 0x0000283c, Max: 0x00010000, ABSOLUTE)

    Base Addr    Size         Type   Attr      Idx    E Section Name        Object

    0x08000000   0x000000c0   Data   RO          519    RESET               startup_stm32f0xx.o
    0x080000c0   0x00000000   Code   RO          524  * .ARM.Collect$$$$00000000  mc_p.l(entry.o)
    0x080000c0   0x00000004   Code   RO          798    .ARM.Collect$$$$00000001  mc_p.l(entry2.o)
    0x080000c4   0x00000004   Code   RO          801    .ARM.Collect$$$$00000004  mc_p.l(entry5.o)
    0x080000c8   0x00000000   Code   RO          803    .ARM.Collect$$$$00000008  mc_p.l(entry7b.o)
    0x080000c8   0x00000000   Code   RO          805    .ARM.Collect$$$$0000000A  mc_p.l(entry8b.o)
    0x080000c8   0x00000008   Code   RO          806    .ARM.Collect$$$$0000000B  mc_p.l(entry9a.o)
    0x080000d0   0x00000000   Code   RO          808    .ARM.Collect$$$$0000000D  mc_p.l(entry10a.o)
    0x080000d0   0x00000000   Code   RO          810    .ARM.Collect$$$$0000000F  mc_p.l(entry11a.o)
    0x080000d0   0x00000004   Code   RO          799    .ARM.Collect$$$$00002712  mc_p.l(entry2.o)
    0x080000d4   0x00000308   Code   RO            2    .text               main.o
    0x080003dc   0x00000012   Code   RO          120    .text               stm32f0xx_it.o
    0x080003ee   0x00000002   PAD
    0x080003f0   0x000000cc   Code   RO          142    .text               usart.o
    0x080004bc   0x000001f4   Code   RO          158    .text               system_stm32f0xx.o
    0x080006b0   0x000001ec   Code   RO          180    .text               stm32f0xx_gpio.o
    0x0800089c   0x00000546   Code   RO          196    .text               stm32f0xx_usart.o
    0x08000de2   0x00000002   PAD
    0x08000de4   0x000002e0   Code   RO          292    .text               stm32f0xx_adc.o
    0x080010c4   0x0000016c   Code   RO          388    .text               stm32f0xx_dma.o
    0x08001230   0x000000b4   Code   RO          452    .text               stm32f0xx_misc.o
    0x080012e4   0x000005f4   Code   RO          484    .text               stm32f0xx_rcc.o
    0x080018d8   0x0000001c   Code   RO          520    .text               startup_stm32f0xx.o
    0x080018f4   0x0000002c   Code   RO          527    .text               mc_p.l(uidiv.o)
    0x08001920   0x000000d0   Code   RO          790    .text               mf_p.l(dmul.o)
    0x080019f0   0x000000f0   Code   RO          792    .text               mf_p.l(ddiv.o)
    0x08001ae0   0x0000000e   Code   RO          794    .text               mf_p.l(ffltui.o)
    0x08001aee   0x00000028   Code   RO          796    .text               mf_p.l(f2d.o)
    0x08001b16   0x00000060   Code   RO          813    .text               mc_p.l(uldiv.o)
    0x08001b76   0x00000000   Code   RO          815    .text               mc_p.l(iusefp.o)
    0x08001b76   0x00000084   Code   RO          816    .text               mf_p.l(fepilogue.o)
    0x08001bfa   0x000000c0   Code   RO          818    .text               mf_p.l(depilogue.o)
    0x08001cba   0x00000002   PAD
    0x08001cbc   0x00000164   Code   RO          822    .text               mf_p.l(dadd.o)
    0x08001e20   0x00000040   Code   RO          824    .text               mf_p.l(dfixul.o)
    0x08001e60   0x00000028   Code   RO          826    .text               mf_p.l(cdrcmple.o)
    0x08001e88   0x00000024   Code   RO          828    .text               mc_p.l(init.o)
    0x08001eac   0x00000020   Code   RO          830    .text               mc_p.l(llshl.o)
    0x08001ecc   0x00000022   Code   RO          832    .text               mc_p.l(llushr.o)
    0x08001eee   0x00000026   Code   RO          834    .text               mc_p.l(llsshr.o)
    0x08001f14   0x00000020   Code   RO          762    i.__0printf         mc_p.l(printfa.o)
    0x08001f34   0x0000002e   Code   RO          820    i.__ARM_clz         mf_p.l(depilogue.o)
    0x08001f62   0x0000000e   Code   RO          838    i.__scatterload_copy  mc_p.l(handlers.o)
    0x08001f70   0x00000002   Code   RO          839    i.__scatterload_null  mc_p.l(handlers.o)
    0x08001f72   0x0000000e   Code   RO          840    i.__scatterload_zeroinit  mc_p.l(handlers.o)
    0x08001f80   0x00000158   Code   RO          769    i._fp_digits        mc_p.l(printfa.o)
    0x080020d8   0x000006f8   Code   RO          770    i._printf_core      mc_p.l(printfa.o)
    0x080027d0   0x00000020   Code   RO          771    i._printf_post_padding  mc_p.l(printfa.o)
    0x080027f0   0x0000002c   Code   RO          772    i._printf_pre_padding  mc_p.l(printfa.o)
    0x0800281c   0x00000020   Data   RO          836    Region$$Table       anon$$obj.o


    Execution Region RW_IRAM1 (Base: 0x20000000, Size: 0x00000450, Max: 0x00002000, ABSOLUTE)

    Base Addr    Size         Type   Attr      Idx    E Section Name        Object

    0x20000000   0x00000018   Data   RW            4    .data               main.o
    0x20000018   0x00000014   Data   RW          159    .data               system_stm32f0xx.o
    0x2000002c   0x00000010   Data   RW          485    .data               stm32f0xx_rcc.o
    0x2000003c   0x00000004   Data   RW          812    .data               mc_p.l(stdout.o)
    0x20000040   0x0000000a   Zero   RW            3    .bss                main.o
    0x2000004a   0x00000006   PAD
    0x20000050   0x00000400   Zero   RW          517    STACK               startup_stm32f0xx.o


==============================================================================

Image component sizes


      Code (inc. data)   RO Data    RW Data    ZI Data      Debug   Object Name

       776        102          0         24         10     134516   main.o
        28          8        192          0       1024        592   startup_stm32f0xx.o
       736         14          0          0          0       6783   stm32f0xx_adc.o
       364         12          0          0          0       3366   stm32f0xx_dma.o
       492         22          0          0          0       3617   stm32f0xx_gpio.o
        18          0          0          0          0        799   stm32f0xx_it.o
       180         14          0          0          0       1304   stm32f0xx_misc.o
      1524         44          0         16          0       8390   stm32f0xx_rcc.o
      1350         16          0          0          0      11754   stm32f0xx_usart.o
       500         34          0         20          0       1595   system_stm32f0xx.o
       204          8          0          0          0        906   usart.o

    ----------------------------------------------------------------------
      6176        274        224         60       1040     173622   Object Totals
         0          0         32          0          0          0   (incl. Generated)
         4          0          0          0          6          0   (incl. Padding)

    ----------------------------------------------------------------------

      Code (inc. data)   RO Data    RW Data    ZI Data      Debug   Library Member Name

         0          0          0          0          0          0   entry.o
         0          0          0          0          0          0   entry10a.o
         0          0          0          0          0          0   entry11a.o
         8          4          0          0          0          0   entry2.o
         4          0          0          0          0          0   entry5.o
         0          0          0          0          0          0   entry7b.o
         0          0          0          0          0          0   entry8b.o
         8          4          0          0          0          0   entry9a.o
        30          0          0          0          0          0   handlers.o
        36          8          0          0          0         68   init.o
         0          0          0          0          0          0   iusefp.o
        32          0          0          0          0         68   llshl.o
        38          0          0          0          0         68   llsshr.o
        34          0          0          0          0         68   llushr.o
      2236        102          0          0          0        412   printfa.o
         0          0          0          4          0          0   stdout.o
        44          0          0          0          0         72   uidiv.o
        96          0          0          0          0         84   uldiv.o
        40          2          0          0          0         68   cdrcmple.o
       356          6          0          0          0        140   dadd.o
       240          6          0          0          0         84   ddiv.o
       238          0          0          0          0        216   depilogue.o
        64         10          0          0          0         68   dfixul.o
       208          6          0          0          0         88   dmul.o
        40          0          0          0          0         60   f2d.o
       132          0          0          0          0        144   fepilogue.o
        14          0          0          0          0         68   ffltui.o

    ----------------------------------------------------------------------
      3900        148          0          4          0       1776   Library Totals
         2          0          0          0          0          0   (incl. Padding)

    ----------------------------------------------------------------------

      Code (inc. data)   RO Data    RW Data    ZI Data      Debug   Library Name

      2566        118          0          4          0        840   mc_p.l
      1332         30          0          0          0        936   mf_p.l

    ----------------------------------------------------------------------
      3900        148          0          4          0       1776   Library Totals

    ----------------------------------------------------------------------

==============================================================================


      Code (inc. data)   RO Data    RW Data    ZI Data      Debug   

     10076        422        224         64       1040     173622   Grand Totals
     10076        422        224         64       1040     173622   ELF Image Totals
     10076        422        224         64          0          0   ROM Totals

==============================================================================

    Total RO  Size (Code + RO Data)                10300 (  10.06kB)
    Total RW  Size (RW Data + ZI Data)              1104 (   1.08kB)
    Total ROM Size (Code + RO Data + RW Data)      10364 (  10.12kB)

==============================================================================

