<html>
<body>
<pre>
<h1>礦ision Build Log</h1>
<h2>Project:</h2>
J:\卢文江师兄给的资料\project\project\project6\RTC\I2C1\Project\Project.uvproj
Project File Date:  09/18/2016

<h2>Output:</h2>
Build target 'STM32F051_I2C'
compiling IIC.c...
compiling P8563.c...
linking...
Program Size: Code=4412 RO-data=224 RW-data=56 ZI-data=1024  
FromELF: creating hex file...
".\Out\Project.axf" - 0 Error(s), 0 Warning(s).
</pre>
</body>
</html>
 stm32f0xx_cec.c...
compiling stm32f0xx_comp.c...
compiling stm32f0xx_crc.c...
compiling stm32f0xx_dac.c...
compiling stm32f0xx_dbgmcu.c...
compiling stm32f0xx_dma.c...
compiling stm32f0xx_exti.c...
compiling stm32f0xx_flash.c...
compiling stm32f0xx_gpio.c...
compiling stm32f0xx_i2c.c...
compiling stm32f0xx_iwdg.c...
compiling stm32f0xx_misc.c...
compiling stm32f0xx_pwr.c...
compiling stm32f0xx_rcc.c...
compiling stm32f0xx_rtc.c...
compiling stm32f0xx_spi.c...
compiling stm32f0xx_syscfg.c...
compiling stm32f0xx_tim.c...
compiling stm32f0xx_usart.c...
compiling stm32f0xx_wwdg.c...
linking...
Program Size: Code=4412 RO-data=224 RW-data=56 ZI-data=1024  
FromELF: creating hex file...
".\Out\Project.axf" - 0 Error(s), 0 Warning(s).
