<html>
<body>
<pre>
<h1>µVision Build Log</h1>
<h2>Project:</h2>
D:\MCU\project6\EEPROM\lib\I2C1\Project\Project.uvproj
Project File Date:  02/26/2016

<h2>Output:</h2>
Rebuild target 'STM32F051_I2C'
compiling I2C.c...
compiling main.c...
compiling stm32f0xx_it.c...
compiling usart.c...
compiling system_stm32f0xx.c...
assembling startup_stm32f0xx.s...
compiling stm32f0xx_adc.c...
compiling stm32f0xx_cec.c...
compiling stm32f0xx_comp.c...
compiling stm32f0xx_crc.c...
compiling stm32f0xx_dac.c...
compiling stm32f0xx_dbgmcu.c...
compiling stm32f0xx_dma.c...
compiling stm32f0xx_exti.c...
compiling stm32f0xx_flash.c...
compiling stm32f0xx_gpio.c...
compiling stm32f0xx_i2c.c...
compiling stm32f0xx_iwdg.c...
compiling stm32f0xx_misc.c...
compiling stm32f0xx_pwr.c...
compiling stm32f0xx_rcc.c...
compiling stm32f0xx_rtc.c...
compiling stm32f0xx_spi.c...
compiling stm32f0xx_syscfg.c...
compiling stm32f0xx_tim.c...
compiling stm32f0xx_usart.c...
compiling stm32f0xx_wwdg.c...
linking...
Program Size: Code=5444 RO-data=224 RW-data=40 ZI-data=2048  
FromELF: creating hex file...
".\Out\Project.axf" - 0 Errors, 0 Warning(s).
