<html>
<body>
<pre>
<h1>µVision Build Log</h1>
<h2>Project:</h2>
D:\MCU\project6\RFID\RFID - ¸±±¾\LED-PA0\Proj\LED.uvproj
Project File Date:  03/02/2016

<h2>Output:</h2>
Rebuild target 'Target 1'
compiling main.c...
compiling usart.c...
compiling stm32f0xx_gpio.c...
compiling stm32f0xx_rcc.c...
compiling stm32f0xx_misc.c...
compiling stm32f0xx_exti.c...
compiling stm32f0xx_syscfg.c...
compiling led.c...
compiling delay.c...
compiling FM1702.c...
compiling system_stm32f0xx.c...
assembling startup_stm32f051.s...
linking...
.\LED.axf: Error: L6218E: Undefined symbol USART_Cmd (referred from usart.o).
.\LED.axf: Error: L6218E: Undefined symbol USART_GetFlagStatus (referred from usart.o).
.\LED.axf: Error: L6218E: Undefined symbol USART_ITConfig (referred from usart.o).
.\LED.axf: Error: L6218E: Undefined symbol USART_Init (referred from usart.o).
.\LED.axf: Error: L6218E: Undefined symbol USART_SendData (referred from usart.o).
".\LED.axf" - 5 Errors, 0 Warning(s).
Target not created
Rebuild target 'Target 1'
compiling main.c...
compiling usart.c...
compiling stm32f0xx_it.c...
compiling stm32f0xx_gpio.c...
compiling stm32f0xx_rcc.c...
compiling stm32f0xx_misc.c...
compiling stm32f0xx_exti.c...
compiling stm32f0xx_syscfg.c...
compiling led.c...
compiling delay.c...
compiling FM1702.c...
compiling system_stm32f0xx.c...
assembling startup_stm32f051.s...
linking...
.\LED.axf: Error: L6218E: Undefined symbol USART_Cmd (referred from usart.o).
.\LED.axf: Error: L6218E: Undefined symbol USART_GetFlagStatus (referred from usart.o).
.\LED.axf: Error: L6218E: Undefined symbol USART_ITConfig (referred from usart.o).
.\LED.axf: Error: L6218E: Undefined symbol USART_Init (referred from usart.o).
.\LED.axf: Error: L6218E: Undefined symbol USART_SendData (referred from usart.o).
.\LED.axf: Error: L6218E: Undefined symbol TimingDelay_Decrement (referred from stm32f0xx_it.o).
.\LED.axf: Error: L6218E: Undefined symbol USART_ClearITPendingBit (referred from stm32f0xx_it.o).
.\LED.axf: Error: L6218E: Undefined symbol USART_GetITStatus (referred from stm32f0xx_it.o).
.\LED.axf: Error: L6218E: Undefined symbol USART_ReceiveData (referred from stm32f0xx_it.o).
".\LED.axf" - 9 Errors, 0 Warning(s).
Target not created
Rebuild target 'Target 1'
compiling main.c...
compiling usart.c...
compiling stm32f0xx_it.c...
compiling stm32f0xx_gpio.c...
compiling stm32f0xx_rcc.c...
compiling stm32f0xx_misc.c...
compiling stm32f0xx_exti.c...
compiling stm32f0xx_syscfg.c...
compiling led.c...
compiling delay.c...
compiling FM1702.c...
compiling system_stm32f0xx.c...
assembling startup_stm32f051.s...
linking...
.\LED.axf: Error: L6218E: Undefined symbol USART_Cmd (referred from usart.o).
.\LED.axf: Error: L6218E: Undefined symbol USART_GetFlagStatus (referred from usart.o).
.\LED.axf: Error: L6218E: Undefined symbol USART_ITConfig (referred from usart.o).
.\LED.axf: Error: L6218E: Undefined symbol USART_Init (referred from usart.o).
.\LED.axf: Error: L6218E: Undefined symbol USART_SendData (referred from usart.o).
.\LED.axf: Error: L6218E: Undefined symbol TimingDelay_Decrement (referred from stm32f0xx_it.o).
.\LED.axf: Error: L6218E: Undefined symbol USART_ClearITPendingBit (referred from stm32f0xx_it.o).
.\LED.axf: Error: L6218E: Undefined symbol USART_GetITStatus (referred from stm32f0xx_it.o).
.\LED.axf: Error: L6218E: Undefined symbol USART_ReceiveData (referred from stm32f0xx_it.o).
".\LED.axf" - 9 Errors, 0 Warning(s).
Target not created
Rebuild target 'Target 1'
compiling main.c...
compiling usart.c...
compiling stm32f0xx_it.c...
compiling stm32f0xx_gpio.c...
compiling stm32f0xx_rcc.c...
compiling stm32f0xx_misc.c...
compiling stm32f0xx_exti.c...
compiling stm32f0xx_syscfg.c...
compiling stm32f0xx_usart.c...
compiling led.c...
compiling delay.c...
compiling FM1702.c...
compiling system_stm32f0xx.c...
assembling startup_stm32f051.s...
linking...
.\LED.axf: Error: L6218E: Undefined symbol TimingDelay_Decrement (referred from stm32f0xx_it.o).
".\LED.axf" - 1 Errors, 0 Warning(s).
Target not created
Rebuild target 'Target 1'
compiling main.c...
compiling usart.c...
compiling stm32f0xx_it.c...
compiling stm32f0xx_gpio.c...
compiling stm32f0xx_rcc.c...
compiling stm32f0xx_misc.c...
compiling stm32f0xx_exti.c...
compiling stm32f0xx_syscfg.c...
compiling stm32f0xx_usart.c...
compiling led.c...
compiling delay.c...
compiling FM1702.c...
compiling system_stm32f0xx.c...
assembling startup_stm32f051.s...
linking...
Program Size: Code=10388 RO-data=236 RW-data=64 ZI-data=1896  
FromELF: creating hex file...
".\LED.axf" - 0 Errors, 0 Warning(s).
Rebuild target 'Target 1'
compiling main.c...
compiling usart.c...
compiling stm32f0xx_it.c...
compiling stm32f0xx_gpio.c...
compiling stm32f0xx_rcc.c...
compiling stm32f0xx_misc.c...
compiling stm32f0xx_exti.c...
compiling stm32f0xx_syscfg.c...
compiling stm32f0xx_usart.c...
compiling led.c...
compiling delay.c...
compiling FM1702.c...
compiling system_stm32f0xx.c...
assembling startup_stm32f051.s...
linking...
Program Size: Code=10388 RO-data=236 RW-data=64 ZI-data=1896  
FromELF: creating hex file...
".\LED.axf" - 0 Errors, 0 Warning(s).
Rebuild target 'Target 1'
compiling main.c...
compiling usart.c...
compiling stm32f0xx_it.c...
compiling stm32f0xx_gpio.c...
compiling stm32f0xx_rcc.c...
compiling stm32f0xx_misc.c...
compiling stm32f0xx_exti.c...
compiling stm32f0xx_syscfg.c...
compiling stm32f0xx_usart.c...
compiling led.c...
compiling delay.c...
compiling FM1702.c...
compiling system_stm32f0xx.c...
assembling startup_stm32f051.s...
linking...
Program Size: Code=10384 RO-data=236 RW-data=64 ZI-data=1896  
FromELF: creating hex file...
".\LED.axf" - 0 Errors, 0 Warning(s).
Rebuild target 'Target 1'
compiling main.c...
compiling usart.c...
compiling stm32f0xx_it.c...
compiling stm32f0xx_gpio.c...
compiling stm32f0xx_rcc.c...
compiling stm32f0xx_misc.c...
compiling stm32f0xx_exti.c...
compiling stm32f0xx_syscfg.c...
compiling stm32f0xx_usart.c...
compiling led.c...
compiling delay.c...
compiling FM1702.c...
compiling system_stm32f0xx.c...
assembling startup_stm32f051.s...
linking...
Program Size: Code=10376 RO-data=236 RW-data=64 ZI-data=1896  
FromELF: creating hex file...
".\LED.axf" - 0 Errors, 0 Warning(s).
Rebuild target 'Target 1'
compiling main.c...
compiling usart.c...
compiling stm32f0xx_it.c...
compiling stm32f0xx_gpio.c...
compiling stm32f0xx_rcc.c...
compiling stm32f0xx_misc.c...
compiling stm32f0xx_exti.c...
compiling stm32f0xx_syscfg.c...
compiling stm32f0xx_usart.c...
compiling led.c...
compiling delay.c...
compiling FM1702.c...
compiling system_stm32f0xx.c...
assembling startup_stm32f051.s...
linking...
Program Size: Code=7656 RO-data=224 RW-data=52 ZI-data=1644  
FromELF: creating hex file...
".\LED.axf" - 0 Errors, 0 Warning(s).
Rebuild target 'Target 1'
compiling main.c...
..\User\main.c(316): error:  #268: declaration may not appear after executable statement in block
..\User\main.c(226): warning:  #177-D: variable "status" was declared but never referenced
..\User\main.c(227): warning:  #177-D: variable "buf" was declared but never referenced
..\User\main.c(227): warning:  #177-D: variable "DefaultKey" was declared but never referenced
..\User\main.c(316): error:  #67: expected a "}"
compiling usart.c...
compiling stm32f0xx_it.c...
compiling stm32f0xx_gpio.c...
compiling stm32f0xx_rcc.c...
compiling stm32f0xx_misc.c...
compiling stm32f0xx_exti.c...
compiling stm32f0xx_syscfg.c...
compiling stm32f0xx_usart.c...
compiling led.c...
compiling delay.c...
compiling FM1702.c...
compiling system_stm32f0xx.c...
assembling startup_stm32f051.s...
".\LED.axf" - 2 Errors, 3 Warning(s).
Target not created
Rebuild target 'Target 1'
compiling main.c...
..\User\main.c(226): warning:  #177-D: variable "status" was declared but never referenced
..\User\main.c(226): warning:  #177-D: variable "try" was declared but never referenced
..\User\main.c(227): warning:  #177-D: variable "buf" was declared but never referenced
..\User\main.c(227): warning:  #177-D: variable "DefaultKey" was declared but never referenced
compiling usart.c...
compiling stm32f0xx_it.c...
compiling stm32f0xx_gpio.c...
compiling stm32f0xx_rcc.c...
compiling stm32f0xx_misc.c...
compiling stm32f0xx_exti.c...
compiling stm32f0xx_syscfg.c...
compiling stm32f0xx_usart.c...
compiling led.c...
compiling delay.c...
compiling FM1702.c...
compiling system_stm32f0xx.c...
assembling startup_stm32f051.s...
linking...
Program Size: Code=10248 RO-data=236 RW-data=64 ZI-data=1896  
FromELF: creating hex file...
".\LED.axf" - 0 Errors, 4 Warning(s).
Rebuild target 'Target 1'
compiling main.c...
..\User\main.c(226): warning:  #177-D: variable "status" was declared but never referenced
..\User\main.c(226): warning:  #177-D: variable "try" was declared but never referenced
..\User\main.c(227): warning:  #177-D: variable "buf" was declared but never referenced
..\User\main.c(227): warning:  #177-D: variable "DefaultKey" was declared but never referenced
compiling usart.c...
compiling stm32f0xx_it.c...
compiling stm32f0xx_gpio.c...
compiling stm32f0xx_rcc.c...
compiling stm32f0xx_misc.c...
compiling stm32f0xx_exti.c...
compiling stm32f0xx_syscfg.c...
compiling stm32f0xx_usart.c...
compiling led.c...
compiling delay.c...
compiling FM1702.c...
compiling system_stm32f0xx.c...
linking...
.\LED.sct(7): error: L6236E: No section matches selector - no section to be FIRST/LAST.
".\LED.axf" - 1 Errors, 4 Warning(s).
Target not created
Rebuild target 'Target 1'
compiling main.c...
..\User\main.c(226): warning:  #177-D: variable "status" was declared but never referenced
..\User\main.c(226): warning:  #177-D: variable "try" was declared but never referenced
..\User\main.c(227): warning:  #177-D: variable "buf" was declared but never referenced
..\User\main.c(227): warning:  #177-D: variable "DefaultKey" was declared but never referenced
compiling usart.c...
compiling stm32f0xx_it.c...
compiling stm32f0xx_gpio.c...
compiling stm32f0xx_rcc.c...
compiling stm32f0xx_misc.c...
compiling stm32f0xx_exti.c...
compiling stm32f0xx_syscfg.c...
compiling stm32f0xx_usart.c...
compiling led.c...
compiling delay.c...
compiling FM1702.c...
compiling system_stm32f0xx.c...
assembling startup_stm32f0xx.s...
linking...
Program Size: Code=10188 RO-data=236 RW-data=64 ZI-data=1896  
FromELF: creating hex file...
".\LED.axf" - 0 Errors, 4 Warning(s).
