<html>
<body>
<pre>
<h1>礦ision Build Log</h1>
<h2>Project:</h2>
I:\卢文江师兄给的资料\电子锁驱动程序\电子锁驱动程序\project6\RFID\RFID - 副本\LED-PA0\Proj\LED.uvproj
Project File Date:  03/02/2016

<h2>Output:</h2>
Build target 'Target 1'
compiling main.c...
..\User\main.c(226): warning:  #177-D: variable "status" was declared but never referenced
        unsigned char status, try;
..\User\main.c(226): warning:  #177-D: variable "try" was declared but never referenced
        unsigned char status, try;
..\User\main.c(227): warning:  #177-D: variable "buf" was declared but never referenced
        unsigned char buf[16], DefaultKey[6] = {0xFF, 0xFF, 0xFF, 0xFF, 0xFF, 0xFF}; 
..\User\main.c(227): warning:  #177-D: variable "DefaultKey" was declared but never referenced
        unsigned char buf[16], DefaultKey[6] = {0xFF, 0xFF, 0xFF, 0xFF, 0xFF, 0xFF}; 
..\User\main.c: 4 warnings, 0 errors
linking...
Program Size: Code=10188 RO-data=236 RW-data=64 ZI-data=1896  
FromELF: creating hex file...
".\LED.axf" - 0 Error(s), 4 Warning(s).
</pre>
</body>
</html>
compiling stm32f0xx_syscfg.c...
compiling stm32f0xx_usart.c...
compiling led.c...
compiling delay.c...
compiling FM1702.c...
compiling system_stm32f0xx.c...
assembling startup_stm32f0xx.s...
linking...
Program Size: Code=10188 RO-data=236 RW-data=64 ZI-data=1896  
FromELF: creating hex file...
".\LED.axf" - 0 Error(s), 4 Warning(s).
