Component: ARM Compiler 5.05 (build 41) Tool: armlink [4d0eb9]

==============================================================================

Section Cross References

    main.o(i.GPIO_ini) refers to stm32f10x_rcc.o(i.RCC_APB2PeriphClockCmd) for RCC_APB2PeriphClockCmd
    main.o(i.GPIO_ini) refers to stm32f10x_gpio.o(i.GPIO_Init) for GPIO_Init
    main.o(i.InitializeSystem) refers to stm32f10x_gpio.o(i.GPIO_ResetBits) for GPIO_ResetBits
    main.o(i.InitializeSystem) refers to fm1702.o(i.delay) for delay
    main.o(i.InitializeSystem) refers to fm1702.o(i.Init_FM1702) for Init_FM1702
    main.o(i.InitializeSystem) refers to stm32f10x_gpio.o(i.GPIO_SetBits) for GPIO_SetBits
    main.o(i.main) refers to main.o(i.GPIO_ini) for GPIO_ini
    main.o(i.main) refers to main.o(i.InitializeSystem) for InitializeSystem
    main.o(i.main) refers to fm1702.o(i.Request) for Request
    main.o(i.main) refers to fm1702.o(i.AntiColl) for AntiColl
    main.o(i.main) refers to fm1702.o(i.Select_Card) for Select_Card
    main.o(i.main) refers to fm1702.o(i.Load_keyE2_CPY) for Load_keyE2_CPY
    main.o(i.main) refers to fm1702.o(i.Authentication) for Authentication
    main.o(i.main) refers to fm1702.o(i.MIF_READ) for MIF_READ
    main.o(i.main) refers to stm32f10x_gpio.o(i.GPIO_SetBits) for GPIO_SetBits
    main.o(i.main) refers to fm1702.o(i.delay) for delay
    main.o(i.main) refers to stm32f10x_gpio.o(i.GPIO_ResetBits) for GPIO_ResetBits
    main.o(i.main) refers to fm1702.o(.data) for UID
    fm1702.o(i.AntiColl) refers to fm1702.o(i.write_reg) for write_reg
    fm1702.o(i.AntiColl) refers to fm1702.o(i.read_reg) for read_reg
    fm1702.o(i.AntiColl) refers to fm1702.o(i.Read_FIFO) for Read_FIFO
    fm1702.o(i.AntiColl) refers to fm1702.o(i.Save_UID) for Save_UID
    fm1702.o(i.AntiColl) refers to fm1702.o(i.Set_BitFraming) for Set_BitFraming
    fm1702.o(i.AntiColl) refers to fm1702.o(i.Check_UID) for Check_UID
    fm1702.o(i.AntiColl) refers to fm1702.o(i.Command_Send) for Command_Send
    fm1702.o(i.AntiColl) refers to fm1702.o(.bss) for .bss
    fm1702.o(i.AntiColl) refers to fm1702.o(.data) for .data
    fm1702.o(i.Authentication) refers to fm1702.o(i.write_reg) for write_reg
    fm1702.o(i.Authentication) refers to fm1702.o(i.read_reg) for read_reg
    fm1702.o(i.Authentication) refers to fm1702.o(i.Command_Send) for Command_Send
    fm1702.o(i.Authentication) refers to fm1702.o(.bss) for .bss
    fm1702.o(i.Check_UID) refers to fm1702.o(.data) for .data
    fm1702.o(i.Clear_FIFO) refers to fm1702.o(i.read_reg) for read_reg
    fm1702.o(i.Clear_FIFO) refers to fm1702.o(i.write_reg) for write_reg
    fm1702.o(i.Command_Send) refers to fm1702.o(i.write_reg) for write_reg
    fm1702.o(i.Command_Send) refers to fm1702.o(i.Clear_FIFO) for Clear_FIFO
    fm1702.o(i.Command_Send) refers to fm1702.o(i.Write_FIFO) for Write_FIFO
    fm1702.o(i.Command_Send) refers to fm1702.o(i.read_reg) for read_reg
    fm1702.o(i.FM1702_Bus_Sel) refers to fm1702.o(i.write_reg) for write_reg
    fm1702.o(i.FM1702_Bus_Sel) refers to fm1702.o(i.read_reg) for read_reg
    fm1702.o(i.Init_FM1702) refers to stm32f10x_gpio.o(i.GPIO_SetBits) for GPIO_SetBits
    fm1702.o(i.Init_FM1702) refers to stm32f10x_gpio.o(i.GPIO_ResetBits) for GPIO_ResetBits
    fm1702.o(i.Init_FM1702) refers to fm1702.o(i.FM1702_Bus_Sel) for FM1702_Bus_Sel
    fm1702.o(i.Load_keyE2_CPY) refers to fm1702.o(i.M500HostCodeKey) for M500HostCodeKey
    fm1702.o(i.Load_keyE2_CPY) refers to fm1702.o(i.Command_Send) for Command_Send
    fm1702.o(i.Load_keyE2_CPY) refers to fm1702.o(i.read_reg) for read_reg
    fm1702.o(i.MIF_READ) refers to fm1702.o(i.write_reg) for write_reg
    fm1702.o(i.MIF_READ) refers to fm1702.o(i.Command_Send) for Command_Send
    fm1702.o(i.MIF_READ) refers to fm1702.o(i.read_reg) for read_reg
    fm1702.o(i.MIF_READ) refers to fm1702.o(i.Read_FIFO) for Read_FIFO
    fm1702.o(i.MIF_Write) refers to fm1702.o(i.write_reg) for write_reg
    fm1702.o(i.MIF_Write) refers to fm1702.o(i.Command_Send) for Command_Send
    fm1702.o(i.MIF_Write) refers to fm1702.o(i.read_reg) for read_reg
    fm1702.o(i.MIF_Write) refers to fm1702.o(i.Read_FIFO) for Read_FIFO
    fm1702.o(i.Read_FIFO) refers to fm1702.o(i.read_reg) for read_reg
    fm1702.o(i.Request) refers to fm1702.o(i.write_reg) for write_reg
    fm1702.o(i.Request) refers to fm1702.o(i.delay) for delay
    fm1702.o(i.Request) refers to fm1702.o(i.Command_Send) for Command_Send
    fm1702.o(i.Request) refers to fm1702.o(i.Read_FIFO) for Read_FIFO
    fm1702.o(i.Request) refers to fm1702.o(i.Judge_Req) for Judge_Req
    fm1702.o(i.Request) refers to fm1702.o(.bss) for .bss
    fm1702.o(i.Request) refers to fm1702.o(.data) for .data
    fm1702.o(i.Save_UID) refers to fm1702.o(.bss) for .bss
    fm1702.o(i.Save_UID) refers to fm1702.o(.data) for .data
    fm1702.o(i.Select_Card) refers to fm1702.o(i.write_reg) for write_reg
    fm1702.o(i.Select_Card) refers to fm1702.o(i.Command_Send) for Command_Send
    fm1702.o(i.Select_Card) refers to fm1702.o(i.read_reg) for read_reg
    fm1702.o(i.Select_Card) refers to fm1702.o(i.Read_FIFO) for Read_FIFO
    fm1702.o(i.Select_Card) refers to fm1702.o(.bss) for .bss
    fm1702.o(i.Select_Card) refers to fm1702.o(.data) for .data
    fm1702.o(i.Send) refers to fm1702.o(i.delay) for delay
    fm1702.o(i.Send) refers to stm32f10x_gpio.o(i.GPIO_ResetBits) for GPIO_ResetBits
    fm1702.o(i.Send) refers to stm32f10x_gpio.o(i.GPIO_SetBits) for GPIO_SetBits
    fm1702.o(i.Set_BitFraming) refers to fm1702.o(i.write_reg) for write_reg
    fm1702.o(i.Set_BitFraming) refers to fm1702.o(.bss) for .bss
    fm1702.o(i.Write_FIFO) refers to fm1702.o(i.write_reg) for write_reg
    fm1702.o(i.read_reg) refers to stm32f10x_gpio.o(i.GPIO_ResetBits) for GPIO_ResetBits
    fm1702.o(i.read_reg) refers to fm1702.o(i.Send) for Send
    fm1702.o(i.read_reg) refers to fm1702.o(i.rev) for rev
    fm1702.o(i.read_reg) refers to stm32f10x_gpio.o(i.GPIO_SetBits) for GPIO_SetBits
    fm1702.o(i.rev) refers to stm32f10x_gpio.o(i.GPIO_ResetBits) for GPIO_ResetBits
    fm1702.o(i.rev) refers to stm32f10x_gpio.o(i.GPIO_ReadInputDataBit) for GPIO_ReadInputDataBit
    fm1702.o(i.rev) refers to stm32f10x_gpio.o(i.GPIO_SetBits) for GPIO_SetBits
    fm1702.o(i.rev) refers to fm1702.o(i.delay) for delay
    fm1702.o(i.write_reg) refers to stm32f10x_gpio.o(i.GPIO_ResetBits) for GPIO_ResetBits
    fm1702.o(i.write_reg) refers to fm1702.o(i.Send) for Send
    fm1702.o(i.write_reg) refers to stm32f10x_gpio.o(i.GPIO_SetBits) for GPIO_SetBits
    stm32f10x_rcc.o(i.RCC_GetClocksFreq) refers to stm32f10x_rcc.o(.data) for .data
    stm32f10x_rcc.o(i.RCC_WaitForHSEStartUp) refers to stm32f10x_rcc.o(i.RCC_GetFlagStatus) for RCC_GetFlagStatus
    stm32f10x_gpio.o(i.GPIO_AFIODeInit) refers to stm32f10x_rcc.o(i.RCC_APB2PeriphResetCmd) for RCC_APB2PeriphResetCmd
    stm32f10x_gpio.o(i.GPIO_DeInit) refers to stm32f10x_rcc.o(i.RCC_APB2PeriphResetCmd) for RCC_APB2PeriphResetCmd
    system_stm32f10x.o(i.SystemCoreClockUpdate) refers to system_stm32f10x.o(.data) for .data
    system_stm32f10x.o(i.SystemInit) refers to system_stm32f10x.o(i.SetSysClockTo72) for SetSysClockTo72
    startup_stm32f10x_md.o(RESET) refers to startup_stm32f10x_md.o(STACK) for __initial_sp
    startup_stm32f10x_md.o(RESET) refers to startup_stm32f10x_md.o(.text) for Reset_Handler
    startup_stm32f10x_md.o(RESET) refers to stm32f10x_it.o(i.NMI_Handler) for NMI_Handler
    startup_stm32f10x_md.o(RESET) refers to stm32f10x_it.o(i.HardFault_Handler) for HardFault_Handler
    startup_stm32f10x_md.o(RESET) refers to stm32f10x_it.o(i.MemManage_Handler) for MemManage_Handler
    startup_stm32f10x_md.o(RESET) refers to stm32f10x_it.o(i.BusFault_Handler) for BusFault_Handler
    startup_stm32f10x_md.o(RESET) refers to stm32f10x_it.o(i.UsageFault_Handler) for UsageFault_Handler
    startup_stm32f10x_md.o(RESET) refers to stm32f10x_it.o(i.SVC_Handler) for SVC_Handler
    startup_stm32f10x_md.o(RESET) refers to stm32f10x_it.o(i.DebugMon_Handler) for DebugMon_Handler
    startup_stm32f10x_md.o(RESET) refers to stm32f10x_it.o(i.PendSV_Handler) for PendSV_Handler
    startup_stm32f10x_md.o(RESET) refers to stm32f10x_it.o(i.SysTick_Handler) for SysTick_Handler
    startup_stm32f10x_md.o(.text) refers to system_stm32f10x.o(i.SystemInit) for SystemInit
    startup_stm32f10x_md.o(.text) refers to entry.o(.ARM.Collect$$$$00000000) for __main
    entry.o(.ARM.Collect$$$$00000000) refers (Special) to entry10a.o(.ARM.Collect$$$$0000000D) for __rt_final_cpp
    entry.o(.ARM.Collect$$$$00000000) refers (Special) to entry11a.o(.ARM.Collect$$$$0000000F) for __rt_final_exit
    entry.o(.ARM.Collect$$$$00000000) refers (Special) to entry7b.o(.ARM.Collect$$$$00000008) for _main_clock
    entry.o(.ARM.Collect$$$$00000000) refers (Special) to entry8b.o(.ARM.Collect$$$$0000000A) for _main_cpp_init
    entry.o(.ARM.Collect$$$$00000000) refers (Special) to entry9a.o(.ARM.Collect$$$$0000000B) for _main_init
    entry.o(.ARM.Collect$$$$00000000) refers (Special) to entry5.o(.ARM.Collect$$$$00000004) for _main_scatterload
    entry.o(.ARM.Collect$$$$00000000) refers (Special) to entry2.o(.ARM.Collect$$$$00000001) for _main_stk
    entry2.o(.ARM.Collect$$$$00000001) refers to entry2.o(.ARM.Collect$$$$00002712) for __lit__00000000
    entry2.o(.ARM.Collect$$$$00002712) refers to startup_stm32f10x_md.o(STACK) for __initial_sp
    entry2.o(__vectab_stack_and_reset_area) refers to startup_stm32f10x_md.o(STACK) for __initial_sp
    entry2.o(__vectab_stack_and_reset_area) refers to entry.o(.ARM.Collect$$$$00000000) for __main
    entry5.o(.ARM.Collect$$$$00000004) refers to init.o(.text) for __scatterload
    entry9a.o(.ARM.Collect$$$$0000000B) refers to main.o(i.main) for main
    entry9b.o(.ARM.Collect$$$$0000000C) refers to main.o(i.main) for main
    init.o(.text) refers to entry5.o(.ARM.Collect$$$$00000004) for __main_after_scatterload


==============================================================================

Removing Unused input sections from the image.

    Removing main.o(.bss), (16 bytes).
    Removing fm1702.o(i.MIF_Write), (162 bytes).
    Removing fm1702.o(.data), (1 bytes).
    Removing fm1702.o(.data), (1 bytes).
    Removing stm32f10x_rcc.o(i.RCC_ADCCLKConfig), (20 bytes).
    Removing stm32f10x_rcc.o(i.RCC_AHBPeriphClockCmd), (24 bytes).
    Removing stm32f10x_rcc.o(i.RCC_APB1PeriphClockCmd), (24 bytes).
    Removing stm32f10x_rcc.o(i.RCC_APB1PeriphResetCmd), (24 bytes).
    Removing stm32f10x_rcc.o(i.RCC_APB2PeriphResetCmd), (24 bytes).
    Removing stm32f10x_rcc.o(i.RCC_AdjustHSICalibrationValue), (20 bytes).
    Removing stm32f10x_rcc.o(i.RCC_BackupResetCmd), (12 bytes).
    Removing stm32f10x_rcc.o(i.RCC_ClearFlag), (16 bytes).
    Removing stm32f10x_rcc.o(i.RCC_ClearITPendingBit), (12 bytes).
    Removing stm32f10x_rcc.o(i.RCC_ClockSecuritySystemCmd), (12 bytes).
    Removing stm32f10x_rcc.o(i.RCC_DeInit), (64 bytes).
    Removing stm32f10x_rcc.o(i.RCC_GetClocksFreq), (144 bytes).
    Removing stm32f10x_rcc.o(i.RCC_GetFlagStatus), (48 bytes).
    Removing stm32f10x_rcc.o(i.RCC_GetITStatus), (20 bytes).
    Removing stm32f10x_rcc.o(i.RCC_GetSYSCLKSource), (16 bytes).
    Removing stm32f10x_rcc.o(i.RCC_HCLKConfig), (20 bytes).
    Removing stm32f10x_rcc.o(i.RCC_HSEConfig), (52 bytes).
    Removing stm32f10x_rcc.o(i.RCC_HSICmd), (12 bytes).
    Removing stm32f10x_rcc.o(i.RCC_ITConfig), (24 bytes).
    Removing stm32f10x_rcc.o(i.RCC_LSEConfig), (32 bytes).
    Removing stm32f10x_rcc.o(i.RCC_LSICmd), (12 bytes).
    Removing stm32f10x_rcc.o(i.RCC_MCOConfig), (12 bytes).
    Removing stm32f10x_rcc.o(i.RCC_PCLK1Config), (20 bytes).
    Removing stm32f10x_rcc.o(i.RCC_PCLK2Config), (20 bytes).
    Removing stm32f10x_rcc.o(i.RCC_PLLCmd), (12 bytes).
    Removing stm32f10x_rcc.o(i.RCC_PLLConfig), (20 bytes).
    Removing stm32f10x_rcc.o(i.RCC_RTCCLKCmd), (12 bytes).
    Removing stm32f10x_rcc.o(i.RCC_RTCCLKConfig), (16 bytes).
    Removing stm32f10x_rcc.o(i.RCC_SYSCLKConfig), (20 bytes).
    Removing stm32f10x_rcc.o(i.RCC_USBCLKConfig), (12 bytes).
    Removing stm32f10x_rcc.o(i.RCC_WaitForHSEStartUp), (44 bytes).
    Removing stm32f10x_rcc.o(.data), (20 bytes).
    Removing stm32f10x_gpio.o(i.GPIO_AFIODeInit), (22 bytes).
    Removing stm32f10x_gpio.o(i.GPIO_DeInit), (180 bytes).
    Removing stm32f10x_gpio.o(i.GPIO_ETH_MediaInterfaceConfig), (12 bytes).
    Removing stm32f10x_gpio.o(i.GPIO_EXTILineConfig), (40 bytes).
    Removing stm32f10x_gpio.o(i.GPIO_EventOutputCmd), (12 bytes).
    Removing stm32f10x_gpio.o(i.GPIO_EventOutputConfig), (28 bytes).
    Removing stm32f10x_gpio.o(i.GPIO_PinLockConfig), (16 bytes).
    Removing stm32f10x_gpio.o(i.GPIO_PinRemapConfig), (88 bytes).
    Removing stm32f10x_gpio.o(i.GPIO_ReadInputData), (6 bytes).
    Removing stm32f10x_gpio.o(i.GPIO_ReadOutputData), (6 bytes).
    Removing stm32f10x_gpio.o(i.GPIO_ReadOutputDataBit), (14 bytes).
    Removing stm32f10x_gpio.o(i.GPIO_StructInit), (16 bytes).
    Removing stm32f10x_gpio.o(i.GPIO_Write), (4 bytes).
    Removing stm32f10x_gpio.o(i.GPIO_WriteBit), (10 bytes).
    Removing core_cm3.o(.emb_text), (32 bytes).
    Removing system_stm32f10x.o(i.SystemCoreClockUpdate), (100 bytes).
    Removing system_stm32f10x.o(.data), (20 bytes).
    Removing startup_stm32f10x_md.o(HEAP), (512 bytes).

54 unused section(s) (total 2138 bytes) removed from the image.

==============================================================================

Image Symbol Table

    Local Symbols

    Symbol Name                              Value     Ov Type        Size  Object(Section)

    ../clib/microlib/init/entry.s            0x00000000   Number         0  entry2.o ABSOLUTE
    ../clib/microlib/init/entry.s            0x00000000   Number         0  entry7a.o ABSOLUTE
    ../clib/microlib/init/entry.s            0x00000000   Number         0  entry11b.o ABSOLUTE
    ../clib/microlib/init/entry.s            0x00000000   Number         0  entry7b.o ABSOLUTE
    ../clib/microlib/init/entry.s            0x00000000   Number         0  entry8b.o ABSOLUTE
    ../clib/microlib/init/entry.s            0x00000000   Number         0  entry5.o ABSOLUTE
    ../clib/microlib/init/entry.s            0x00000000   Number         0  entry11a.o ABSOLUTE
    ../clib/microlib/init/entry.s            0x00000000   Number         0  entry10b.o ABSOLUTE
    ../clib/microlib/init/entry.s            0x00000000   Number         0  entry10a.o ABSOLUTE
    ../clib/microlib/init/entry.s            0x00000000   Number         0  entry9b.o ABSOLUTE
    ../clib/microlib/init/entry.s            0x00000000   Number         0  entry9a.o ABSOLUTE
    ../clib/microlib/init/entry.s            0x00000000   Number         0  entry.o ABSOLUTE
    ../clib/microlib/init/entry.s            0x00000000   Number         0  entry8a.o ABSOLUTE
    FM1702.c                                 0x00000000   Number         0  fm1702.o ABSOLUTE
    arm\startup_stm32f10x_md.s               0x00000000   Number         0  startup_stm32f10x_md.o ABSOLUTE
    core_cm3.c                               0x00000000   Number         0  core_cm3.o ABSOLUTE
    core_cm3.c                               0x00000000   Number         0  core_cm3.o ABSOLUTE
    dc.s                                     0x00000000   Number         0  dc.o ABSOLUTE
    handlers.s                               0x00000000   Number         0  handlers.o ABSOLUTE
    init.s                                   0x00000000   Number         0  init.o ABSOLUTE
    main.c                                   0x00000000   Number         0  main.o ABSOLUTE
    stm32f10x_gpio.c                         0x00000000   Number         0  stm32f10x_gpio.o ABSOLUTE
    stm32f10x_it.c                           0x00000000   Number         0  stm32f10x_it.o ABSOLUTE
    stm32f10x_rcc.c                          0x00000000   Number         0  stm32f10x_rcc.o ABSOLUTE
    system_stm32f10x.c                       0x00000000   Number         0  system_stm32f10x.o ABSOLUTE
    RESET                                    0x08000000   Section      236  startup_stm32f10x_md.o(RESET)
    .ARM.Collect$$$$00000000                 0x080000ec   Section        0  entry.o(.ARM.Collect$$$$00000000)
    .ARM.Collect$$$$00000001                 0x080000ec   Section        4  entry2.o(.ARM.Collect$$$$00000001)
    .ARM.Collect$$$$00000004                 0x080000f0   Section        4  entry5.o(.ARM.Collect$$$$00000004)
    .ARM.Collect$$$$00000008                 0x080000f4   Section        0  entry7b.o(.ARM.Collect$$$$00000008)
    .ARM.Collect$$$$0000000A                 0x080000f4   Section        0  entry8b.o(.ARM.Collect$$$$0000000A)
    .ARM.Collect$$$$0000000B                 0x080000f4   Section        8  entry9a.o(.ARM.Collect$$$$0000000B)
    .ARM.Collect$$$$0000000D                 0x080000fc   Section        0  entry10a.o(.ARM.Collect$$$$0000000D)
    .ARM.Collect$$$$0000000F                 0x080000fc   Section        0  entry11a.o(.ARM.Collect$$$$0000000F)
    .ARM.Collect$$$$00002712                 0x080000fc   Section        4  entry2.o(.ARM.Collect$$$$00002712)
    __lit__00000000                          0x080000fc   Data           4  entry2.o(.ARM.Collect$$$$00002712)
    .text                                    0x08000100   Section       36  startup_stm32f10x_md.o(.text)
    .text                                    0x08000124   Section       36  init.o(.text)
    i.AntiColl                               0x08000148   Section        0  fm1702.o(i.AntiColl)
    i.Authentication                         0x08000220   Section        0  fm1702.o(i.Authentication)
    i.BusFault_Handler                       0x080002e4   Section        0  stm32f10x_it.o(i.BusFault_Handler)
    i.Check_UID                              0x080002e8   Section        0  fm1702.o(i.Check_UID)
    i.Clear_FIFO                             0x08000308   Section        0  fm1702.o(i.Clear_FIFO)
    i.Command_Send                           0x08000332   Section        0  fm1702.o(i.Command_Send)
    i.DebugMon_Handler                       0x08000376   Section        0  stm32f10x_it.o(i.DebugMon_Handler)
    i.FM1702_Bus_Sel                         0x08000378   Section        0  fm1702.o(i.FM1702_Bus_Sel)
    i.GPIO_Init                              0x080003a4   Section        0  stm32f10x_gpio.o(i.GPIO_Init)
    i.GPIO_ReadInputDataBit                  0x08000446   Section        0  stm32f10x_gpio.o(i.GPIO_ReadInputDataBit)
    i.GPIO_ResetBits                         0x08000454   Section        0  stm32f10x_gpio.o(i.GPIO_ResetBits)
    i.GPIO_SetBits                           0x08000458   Section        0  stm32f10x_gpio.o(i.GPIO_SetBits)
    i.GPIO_ini                               0x0800045c   Section        0  main.o(i.GPIO_ini)
    i.HardFault_Handler                      0x08000528   Section        0  stm32f10x_it.o(i.HardFault_Handler)
    i.Init_FM1702                            0x0800052c   Section        0  fm1702.o(i.Init_FM1702)
    i.InitializeSystem                       0x08000574   Section        0  main.o(i.InitializeSystem)
    i.Judge_Req                              0x080005ac   Section        0  fm1702.o(i.Judge_Req)
    i.Load_keyE2_CPY                         0x080005bc   Section        0  fm1702.o(i.Load_keyE2_CPY)
    i.M500HostCodeKey                        0x080005e6   Section        0  fm1702.o(i.M500HostCodeKey)
    i.MIF_READ                               0x08000614   Section        0  fm1702.o(i.MIF_READ)
    i.MemManage_Handler                      0x0800068a   Section        0  stm32f10x_it.o(i.MemManage_Handler)
    i.NMI_Handler                            0x0800068c   Section        0  stm32f10x_it.o(i.NMI_Handler)
    i.PendSV_Handler                         0x0800068e   Section        0  stm32f10x_it.o(i.PendSV_Handler)
    i.RCC_APB2PeriphClockCmd                 0x08000690   Section        0  stm32f10x_rcc.o(i.RCC_APB2PeriphClockCmd)
    i.Read_FIFO                              0x080006a8   Section        0  fm1702.o(i.Read_FIFO)
    i.Request                                0x080006dc   Section        0  fm1702.o(i.Request)
    i.SVC_Handler                            0x08000764   Section        0  stm32f10x_it.o(i.SVC_Handler)
    i.Save_UID                               0x08000768   Section        0  fm1702.o(i.Save_UID)
    i.Select_Card                            0x08000814   Section        0  fm1702.o(i.Select_Card)
    i.Send                                   0x080008b0   Section        0  fm1702.o(i.Send)
    i.SetSysClockTo72                        0x08000918   Section        0  system_stm32f10x.o(i.SetSysClockTo72)
    SetSysClockTo72                          0x08000919   Thumb Code   160  system_stm32f10x.o(i.SetSysClockTo72)
    i.Set_BitFraming                         0x080009c0   Section        0  fm1702.o(i.Set_BitFraming)
    i.SysTick_Handler                        0x08000a78   Section        0  stm32f10x_it.o(i.SysTick_Handler)
    i.SystemInit                             0x08000a7c   Section        0  system_stm32f10x.o(i.SystemInit)
    i.UsageFault_Handler                     0x08000acc   Section        0  stm32f10x_it.o(i.UsageFault_Handler)
    i.Write_FIFO                             0x08000ace   Section        0  fm1702.o(i.Write_FIFO)
    i.__scatterload_copy                     0x08000aea   Section       14  handlers.o(i.__scatterload_copy)
    i.__scatterload_null                     0x08000af8   Section        2  handlers.o(i.__scatterload_null)
    i.__scatterload_zeroinit                 0x08000afa   Section       14  handlers.o(i.__scatterload_zeroinit)
    i.delay                                  0x08000b08   Section        0  fm1702.o(i.delay)
    i.main                                   0x08000b20   Section        0  main.o(i.main)
    i.read_reg                               0x08000ba4   Section        0  fm1702.o(i.read_reg)
    i.rev                                    0x08000bdc   Section        0  fm1702.o(i.rev)
    i.write_reg                              0x08000c58   Section        0  fm1702.o(i.write_reg)
    .data                                    0x20000000   Section        7  fm1702.o(.data)
    .bss                                     0x20000008   Section       10  fm1702.o(.bss)
    STACK                                    0x20000018   Section     1024  startup_stm32f10x_md.o(STACK)

    Global Symbols

    Symbol Name                              Value     Ov Type        Size  Object(Section)

    BuildAttributes$$THM_ISAv4$P$D$K$B$S$PE$A:L22UL41UL21$X:L11$S22US41US21$IEEE1$IW$USESV6$~STKCKD$USESV7$~SHL$OSPACE$EBA8$MICROLIB$REQ8$PRES8$EABIv2 0x00000000   Number         0  anon$$obj.o ABSOLUTE
    __ARM_use_no_argv                        0x00000000   Number         0  main.o ABSOLUTE
    __cpp_initialize__aeabi_                  - Undefined Weak Reference
    __cxa_finalize                            - Undefined Weak Reference
    __decompress                              - Undefined Weak Reference
    _clock_init                               - Undefined Weak Reference
    _microlib_exit                            - Undefined Weak Reference
    __Vectors_Size                           0x000000ec   Number         0  startup_stm32f10x_md.o ABSOLUTE
    __Vectors                                0x08000000   Data           4  startup_stm32f10x_md.o(RESET)
    __Vectors_End                            0x080000ec   Data           0  startup_stm32f10x_md.o(RESET)
    __main                                   0x080000ed   Thumb Code     0  entry.o(.ARM.Collect$$$$00000000)
    _main_stk                                0x080000ed   Thumb Code     0  entry2.o(.ARM.Collect$$$$00000001)
    _main_scatterload                        0x080000f1   Thumb Code     0  entry5.o(.ARM.Collect$$$$00000004)
    __main_after_scatterload                 0x080000f5   Thumb Code     0  entry5.o(.ARM.Collect$$$$00000004)
    _main_clock                              0x080000f5   Thumb Code     0  entry7b.o(.ARM.Collect$$$$00000008)
    _main_cpp_init                           0x080000f5   Thumb Code     0  entry8b.o(.ARM.Collect$$$$0000000A)
    _main_init                               0x080000f5   Thumb Code     0  entry9a.o(.ARM.Collect$$$$0000000B)
    __rt_final_cpp                           0x080000fd   Thumb Code     0  entry10a.o(.ARM.Collect$$$$0000000D)
    __rt_final_exit                          0x080000fd   Thumb Code     0  entry11a.o(.ARM.Collect$$$$0000000F)
    Reset_Handler                            0x08000101   Thumb Code     8  startup_stm32f10x_md.o(.text)
    ADC1_2_IRQHandler                        0x0800011b   Thumb Code     0  startup_stm32f10x_md.o(.text)
    CAN1_RX1_IRQHandler                      0x0800011b   Thumb Code     0  startup_stm32f10x_md.o(.text)
    CAN1_SCE_IRQHandler                      0x0800011b   Thumb Code     0  startup_stm32f10x_md.o(.text)
    DMA1_Channel1_IRQHandler                 0x0800011b   Thumb Code     0  startup_stm32f10x_md.o(.text)
    DMA1_Channel2_IRQHandler                 0x0800011b   Thumb Code     0  startup_stm32f10x_md.o(.text)
    DMA1_Channel3_IRQHandler                 0x0800011b   Thumb Code     0  startup_stm32f10x_md.o(.text)
    DMA1_Channel4_IRQHandler                 0x0800011b   Thumb Code     0  startup_stm32f10x_md.o(.text)
    DMA1_Channel5_IRQHandler                 0x0800011b   Thumb Code     0  startup_stm32f10x_md.o(.text)
    DMA1_Channel6_IRQHandler                 0x0800011b   Thumb Code     0  startup_stm32f10x_md.o(.text)
    DMA1_Channel7_IRQHandler                 0x0800011b   Thumb Code     0  startup_stm32f10x_md.o(.text)
    EXTI0_IRQHandler                         0x0800011b   Thumb Code     0  startup_stm32f10x_md.o(.text)
    EXTI15_10_IRQHandler                     0x0800011b   Thumb Code     0  startup_stm32f10x_md.o(.text)
    EXTI1_IRQHandler                         0x0800011b   Thumb Code     0  startup_stm32f10x_md.o(.text)
    EXTI2_IRQHandler                         0x0800011b   Thumb Code     0  startup_stm32f10x_md.o(.text)
    EXTI3_IRQHandler                         0x0800011b   Thumb Code     0  startup_stm32f10x_md.o(.text)
    EXTI4_IRQHandler                         0x0800011b   Thumb Code     0  startup_stm32f10x_md.o(.text)
    EXTI9_5_IRQHandler                       0x0800011b   Thumb Code     0  startup_stm32f10x_md.o(.text)
    FLASH_IRQHandler                         0x0800011b   Thumb Code     0  startup_stm32f10x_md.o(.text)
    I2C1_ER_IRQHandler                       0x0800011b   Thumb Code     0  startup_stm32f10x_md.o(.text)
    I2C1_EV_IRQHandler                       0x0800011b   Thumb Code     0  startup_stm32f10x_md.o(.text)
    I2C2_ER_IRQHandler                       0x0800011b   Thumb Code     0  startup_stm32f10x_md.o(.text)
    I2C2_EV_IRQHandler                       0x0800011b   Thumb Code     0  startup_stm32f10x_md.o(.text)
    PVD_IRQHandler                           0x0800011b   Thumb Code     0  startup_stm32f10x_md.o(.text)
    RCC_IRQHandler                           0x0800011b   Thumb Code     0  startup_stm32f10x_md.o(.text)
    RTCAlarm_IRQHandler                      0x0800011b   Thumb Code     0  startup_stm32f10x_md.o(.text)
    RTC_IRQHandler                           0x0800011b   Thumb Code     0  startup_stm32f10x_md.o(.text)
    SPI1_IRQHandler                          0x0800011b   Thumb Code     0  startup_stm32f10x_md.o(.text)
    SPI2_IRQHandler                          0x0800011b   Thumb Code     0  startup_stm32f10x_md.o(.text)
    TAMPER_IRQHandler                        0x0800011b   Thumb Code     0  startup_stm32f10x_md.o(.text)
    TIM1_BRK_IRQHandler                      0x0800011b   Thumb Code     0  startup_stm32f10x_md.o(.text)
    TIM1_CC_IRQHandler                       0x0800011b   Thumb Code     0  startup_stm32f10x_md.o(.text)
    TIM1_TRG_COM_IRQHandler                  0x0800011b   Thumb Code     0  startup_stm32f10x_md.o(.text)
    TIM1_UP_IRQHandler                       0x0800011b   Thumb Code     0  startup_stm32f10x_md.o(.text)
    TIM2_IRQHandler                          0x0800011b   Thumb Code     0  startup_stm32f10x_md.o(.text)
    TIM3_IRQHandler                          0x0800011b   Thumb Code     0  startup_stm32f10x_md.o(.text)
    TIM4_IRQHandler                          0x0800011b   Thumb Code     0  startup_stm32f10x_md.o(.text)
    USART1_IRQHandler                        0x0800011b   Thumb Code     0  startup_stm32f10x_md.o(.text)
    USART2_IRQHandler                        0x0800011b   Thumb Code     0  startup_stm32f10x_md.o(.text)
    USART3_IRQHandler                        0x0800011b   Thumb Code     0  startup_stm32f10x_md.o(.text)
    USBWakeUp_IRQHandler                     0x0800011b   Thumb Code     0  startup_stm32f10x_md.o(.text)
    USB_HP_CAN1_TX_IRQHandler                0x0800011b   Thumb Code     0  startup_stm32f10x_md.o(.text)
    USB_LP_CAN1_RX0_IRQHandler               0x0800011b   Thumb Code     0  startup_stm32f10x_md.o(.text)
    WWDG_IRQHandler                          0x0800011b   Thumb Code     0  startup_stm32f10x_md.o(.text)
    __scatterload                            0x08000125   Thumb Code    28  init.o(.text)
    __scatterload_rt2                        0x08000125   Thumb Code     0  init.o(.text)
    AntiColl                                 0x08000149   Thumb Code   208  fm1702.o(i.AntiColl)
    Authentication                           0x08000221   Thumb Code   192  fm1702.o(i.Authentication)
    BusFault_Handler                         0x080002e5   Thumb Code     2  stm32f10x_it.o(i.BusFault_Handler)
    Check_UID                                0x080002e9   Thumb Code    28  fm1702.o(i.Check_UID)
    Clear_FIFO                               0x08000309   Thumb Code    42  fm1702.o(i.Clear_FIFO)
    Command_Send                             0x08000333   Thumb Code    68  fm1702.o(i.Command_Send)
    DebugMon_Handler                         0x08000377   Thumb Code     2  stm32f10x_it.o(i.DebugMon_Handler)
    FM1702_Bus_Sel                           0x08000379   Thumb Code    44  fm1702.o(i.FM1702_Bus_Sel)
    GPIO_Init                                0x080003a5   Thumb Code   162  stm32f10x_gpio.o(i.GPIO_Init)
    GPIO_ReadInputDataBit                    0x08000447   Thumb Code    14  stm32f10x_gpio.o(i.GPIO_ReadInputDataBit)
    GPIO_ResetBits                           0x08000455   Thumb Code     4  stm32f10x_gpio.o(i.GPIO_ResetBits)
    GPIO_SetBits                             0x08000459   Thumb Code     4  stm32f10x_gpio.o(i.GPIO_SetBits)
    GPIO_ini                                 0x0800045d   Thumb Code   194  main.o(i.GPIO_ini)
    HardFault_Handler                        0x08000529   Thumb Code     2  stm32f10x_it.o(i.HardFault_Handler)
    Init_FM1702                              0x0800052d   Thumb Code    62  fm1702.o(i.Init_FM1702)
    InitializeSystem                         0x08000575   Thumb Code    52  main.o(i.InitializeSystem)
    Judge_Req                                0x080005ad   Thumb Code    16  fm1702.o(i.Judge_Req)
    Load_keyE2_CPY                           0x080005bd   Thumb Code    42  fm1702.o(i.Load_keyE2_CPY)
    M500HostCodeKey                          0x080005e7   Thumb Code    46  fm1702.o(i.M500HostCodeKey)
    MIF_READ                                 0x08000615   Thumb Code   118  fm1702.o(i.MIF_READ)
    MemManage_Handler                        0x0800068b   Thumb Code     2  stm32f10x_it.o(i.MemManage_Handler)
    NMI_Handler                              0x0800068d   Thumb Code     2  stm32f10x_it.o(i.NMI_Handler)
    PendSV_Handler                           0x0800068f   Thumb Code     2  stm32f10x_it.o(i.PendSV_Handler)
    RCC_APB2PeriphClockCmd                   0x08000691   Thumb Code    18  stm32f10x_rcc.o(i.RCC_APB2PeriphClockCmd)
    Read_FIFO                                0x080006a9   Thumb Code    52  fm1702.o(i.Read_FIFO)
    Request                                  0x080006dd   Thumb Code   128  fm1702.o(i.Request)
    SVC_Handler                              0x08000765   Thumb Code     2  stm32f10x_it.o(i.SVC_Handler)
    Save_UID                                 0x08000769   Thumb Code   164  fm1702.o(i.Save_UID)
    Select_Card                              0x08000815   Thumb Code   146  fm1702.o(i.Select_Card)
    Send                                     0x080008b1   Thumb Code    94  fm1702.o(i.Send)
    Set_BitFraming                           0x080009c1   Thumb Code   180  fm1702.o(i.Set_BitFraming)
    SysTick_Handler                          0x08000a79   Thumb Code     2  stm32f10x_it.o(i.SysTick_Handler)
    SystemInit                               0x08000a7d   Thumb Code    64  system_stm32f10x.o(i.SystemInit)
    UsageFault_Handler                       0x08000acd   Thumb Code     2  stm32f10x_it.o(i.UsageFault_Handler)
    Write_FIFO                               0x08000acf   Thumb Code    28  fm1702.o(i.Write_FIFO)
    __scatterload_copy                       0x08000aeb   Thumb Code    14  handlers.o(i.__scatterload_copy)
    __scatterload_null                       0x08000af9   Thumb Code     2  handlers.o(i.__scatterload_null)
    __scatterload_zeroinit                   0x08000afb   Thumb Code    14  handlers.o(i.__scatterload_zeroinit)
    delay                                    0x08000b09   Thumb Code    22  fm1702.o(i.delay)
    main                                     0x08000b21   Thumb Code   114  main.o(i.main)
    read_reg                                 0x08000ba5   Thumb Code    50  fm1702.o(i.read_reg)
    rev                                      0x08000bdd   Thumb Code   116  fm1702.o(i.rev)
    write_reg                                0x08000c59   Thumb Code    48  fm1702.o(i.write_reg)
    Region$$Table$$Base                      0x08000c8c   Number         0  anon$$obj.o(Region$$Table)
    Region$$Table$$Limit                     0x08000cac   Number         0  anon$$obj.o(Region$$Table)
    tagtype                                  0x20000000   Data           2  fm1702.o(.data)
    UID                                      0x20000002   Data           5  fm1702.o(.data)
    buf                                      0x20000008   Data          10  fm1702.o(.bss)
    __initial_sp                             0x20000418   Data           0  startup_stm32f10x_md.o(STACK)



==============================================================================

Memory Map of the image

  Image Entry point : 0x080000ed

  Load Region LR_IROM1 (Base: 0x08000000, Size: 0x00000cb4, Max: 0x00010000, ABSOLUTE)

    Execution Region ER_IROM1 (Base: 0x08000000, Size: 0x00000cac, Max: 0x00010000, ABSOLUTE)

    Base Addr    Size         Type   Attr      Idx    E Section Name        Object

    0x08000000   0x000000ec   Data   RO          720    RESET               startup_stm32f10x_md.o
    0x080000ec   0x00000000   Code   RO          725  * .ARM.Collect$$$$00000000  mc_w.l(entry.o)
    0x080000ec   0x00000004   Code   RO          728    .ARM.Collect$$$$00000001  mc_w.l(entry2.o)
    0x080000f0   0x00000004   Code   RO          731    .ARM.Collect$$$$00000004  mc_w.l(entry5.o)
    0x080000f4   0x00000000   Code   RO          733    .ARM.Collect$$$$00000008  mc_w.l(entry7b.o)
    0x080000f4   0x00000000   Code   RO          735    .ARM.Collect$$$$0000000A  mc_w.l(entry8b.o)
    0x080000f4   0x00000008   Code   RO          736    .ARM.Collect$$$$0000000B  mc_w.l(entry9a.o)
    0x080000fc   0x00000000   Code   RO          738    .ARM.Collect$$$$0000000D  mc_w.l(entry10a.o)
    0x080000fc   0x00000000   Code   RO          740    .ARM.Collect$$$$0000000F  mc_w.l(entry11a.o)
    0x080000fc   0x00000004   Code   RO          729    .ARM.Collect$$$$00002712  mc_w.l(entry2.o)
    0x08000100   0x00000024   Code   RO          721    .text               startup_stm32f10x_md.o
    0x08000124   0x00000024   Code   RO          742    .text               mc_w.l(init.o)
    0x08000148   0x000000d8   Code   RO          190    i.AntiColl          fm1702.o
    0x08000220   0x000000c4   Code   RO          191    i.Authentication    fm1702.o
    0x080002e4   0x00000002   Code   RO          127    i.BusFault_Handler  stm32f10x_it.o
    0x080002e6   0x00000002   PAD
    0x080002e8   0x00000020   Code   RO          192    i.Check_UID         fm1702.o
    0x08000308   0x0000002a   Code   RO          193    i.Clear_FIFO        fm1702.o
    0x08000332   0x00000044   Code   RO          194    i.Command_Send      fm1702.o
    0x08000376   0x00000002   Code   RO          128    i.DebugMon_Handler  stm32f10x_it.o
    0x08000378   0x0000002c   Code   RO          195    i.FM1702_Bus_Sel    fm1702.o
    0x080003a4   0x000000a2   Code   RO          570    i.GPIO_Init         stm32f10x_gpio.o
    0x08000446   0x0000000e   Code   RO          574    i.GPIO_ReadInputDataBit  stm32f10x_gpio.o
    0x08000454   0x00000004   Code   RO          577    i.GPIO_ResetBits    stm32f10x_gpio.o
    0x08000458   0x00000004   Code   RO          578    i.GPIO_SetBits      stm32f10x_gpio.o
    0x0800045c   0x000000cc   Code   RO            1    i.GPIO_ini          main.o
    0x08000528   0x00000002   Code   RO          129    i.HardFault_Handler  stm32f10x_it.o
    0x0800052a   0x00000002   PAD
    0x0800052c   0x00000048   Code   RO          196    i.Init_FM1702       fm1702.o
    0x08000574   0x00000038   Code   RO            2    i.InitializeSystem  main.o
    0x080005ac   0x00000010   Code   RO          197    i.Judge_Req         fm1702.o
    0x080005bc   0x0000002a   Code   RO          198    i.Load_keyE2_CPY    fm1702.o
    0x080005e6   0x0000002e   Code   RO          199    i.M500HostCodeKey   fm1702.o
    0x08000614   0x00000076   Code   RO          200    i.MIF_READ          fm1702.o
    0x0800068a   0x00000002   Code   RO          130    i.MemManage_Handler  stm32f10x_it.o
    0x0800068c   0x00000002   Code   RO          131    i.NMI_Handler       stm32f10x_it.o
    0x0800068e   0x00000002   Code   RO          132    i.PendSV_Handler    stm32f10x_it.o
    0x08000690   0x00000018   Code   RO          368    i.RCC_APB2PeriphClockCmd  stm32f10x_rcc.o
    0x080006a8   0x00000034   Code   RO          202    i.Read_FIFO         fm1702.o
    0x080006dc   0x00000088   Code   RO          203    i.Request           fm1702.o
    0x08000764   0x00000002   Code   RO          133    i.SVC_Handler       stm32f10x_it.o
    0x08000766   0x00000002   PAD
    0x08000768   0x000000ac   Code   RO          204    i.Save_UID          fm1702.o
    0x08000814   0x0000009c   Code   RO          205    i.Select_Card       fm1702.o
    0x080008b0   0x00000068   Code   RO          206    i.Send              fm1702.o
    0x08000918   0x000000a8   Code   RO          689    i.SetSysClockTo72   system_stm32f10x.o
    0x080009c0   0x000000b8   Code   RO          207    i.Set_BitFraming    fm1702.o
    0x08000a78   0x00000002   Code   RO          134    i.SysTick_Handler   stm32f10x_it.o
    0x08000a7a   0x00000002   PAD
    0x08000a7c   0x00000050   Code   RO          691    i.SystemInit        system_stm32f10x.o
    0x08000acc   0x00000002   Code   RO          135    i.UsageFault_Handler  stm32f10x_it.o
    0x08000ace   0x0000001c   Code   RO          208    i.Write_FIFO        fm1702.o
    0x08000aea   0x0000000e   Code   RO          746    i.__scatterload_copy  mc_w.l(handlers.o)
    0x08000af8   0x00000002   Code   RO          747    i.__scatterload_null  mc_w.l(handlers.o)
    0x08000afa   0x0000000e   Code   RO          748    i.__scatterload_zeroinit  mc_w.l(handlers.o)
    0x08000b08   0x00000016   Code   RO          209    i.delay             fm1702.o
    0x08000b1e   0x00000002   PAD
    0x08000b20   0x00000084   Code   RO            3    i.main              main.o
    0x08000ba4   0x00000038   Code   RO          210    i.read_reg          fm1702.o
    0x08000bdc   0x0000007c   Code   RO          211    i.rev               fm1702.o
    0x08000c58   0x00000034   Code   RO          212    i.write_reg         fm1702.o
    0x08000c8c   0x00000020   Data   RO          744    Region$$Table       anon$$obj.o


    Execution Region RW_IRAM1 (Base: 0x20000000, Size: 0x00000418, Max: 0x00005000, ABSOLUTE)

    Base Addr    Size         Type   Attr      Idx    E Section Name        Object

    0x20000000   0x00000007   Data   RW          215    .data               fm1702.o
    0x20000007   0x00000001   PAD
    0x20000008   0x0000000a   Zero   RW          213    .bss                fm1702.o
    0x20000012   0x00000006   PAD
    0x20000018   0x00000400   Zero   RW          718    STACK               startup_stm32f10x_md.o


==============================================================================

Image component sizes


      Code (inc. data)   RO Data    RW Data    ZI Data      Debug   Object Name

         0          0          0          0          0         32   core_cm3.o
      1978        106          0          7         10     215673   fm1702.o
       392         32          0          0          0      14501   main.o
        36          8        236          0       1024        780   startup_stm32f10x_md.o
       184          0          0          0          0       3088   stm32f10x_gpio.o
        18          0          0          0          0       3730   stm32f10x_it.o
        24          6          0          0          0        501   stm32f10x_rcc.o
       248         24          0          0          0       1457   system_stm32f10x.o

    ----------------------------------------------------------------------
      2890        176        268          8       1040     239762   Object Totals
         0          0         32          0          0          0   (incl. Generated)
        10          0          0          1          6          0   (incl. Padding)

    ----------------------------------------------------------------------

      Code (inc. data)   RO Data    RW Data    ZI Data      Debug   Library Member Name

         0          0          0          0          0          0   entry.o
         0          0          0          0          0          0   entry10a.o
         0          0          0          0          0          0   entry11a.o
         8          4          0          0          0          0   entry2.o
         4          0          0          0          0          0   entry5.o
         0          0          0          0          0          0   entry7b.o
         0          0          0          0          0          0   entry8b.o
         8          4          0          0          0          0   entry9a.o
        30          0          0          0          0          0   handlers.o
        36          8          0          0          0         68   init.o

    ----------------------------------------------------------------------
        86         16          0          0          0         68   Library Totals
         0          0          0          0          0          0   (incl. Padding)

    ----------------------------------------------------------------------

      Code (inc. data)   RO Data    RW Data    ZI Data      Debug   Library Name

        86         16          0          0          0         68   mc_w.l

    ----------------------------------------------------------------------
        86         16          0          0          0         68   Library Totals

    ----------------------------------------------------------------------

==============================================================================


      Code (inc. data)   RO Data    RW Data    ZI Data      Debug   

      2976        192        268          8       1040     238110   Grand Totals
      2976        192        268          8       1040     238110   ELF Image Totals
      2976        192        268          8          0          0   ROM Totals

==============================================================================

    Total RO  Size (Code + RO Data)                 3244 (   3.17kB)
    Total RW  Size (RW Data + ZI Data)              1048 (   1.02kB)
    Total ROM Size (Code + RO Data + RW Data)       3252 (   3.18kB)

==============================================================================

